#
# There is insufficient memory for the Java Runtime Environment to continue.
# Native memory allocation (malloc) failed to allocate 554256 bytes. Error detail: Chunk::new
# Possible reasons:
#   The system is out of physical RAM or swap space
#   This process is running with CompressedOops enabled, and the Java Heap may be blocking the growth of the native heap
# Possible solutions:
#   Reduce memory load on the system
#   Increase physical memory or swap space
#   Check if swap backing store is full
#   Decrease Java heap size (-Xmx/-Xms)
#   Decrease number of Java threads
#   Decrease Java thread stack sizes (-Xss)
#   Set larger code cache with -XX:ReservedCodeCacheSize=
#   JVM is running with Unscaled Compressed Oops mode in which the Java heap is
#     placed in the first 4GB address space. The Java Heap base address is the
#     maximum limit for the native heap growth. Please use -XX:HeapBaseMinAddress
#     to set the Java Heap base and to place the Java Heap above 4GB virtual address.
# This output file may be truncated or incomplete.
#
#  Out of Memory Error (arena.cpp:150), pid=20216, tid=3620
#
# JRE version: OpenJDK Runtime Environment Corretto-22.0.2.9.1 (22.0.2+9) (build 22.0.2+9-FR)
# Java VM: OpenJDK 64-Bit Server VM Corretto-22.0.2.9.1 (22.0.2+9-FR, mixed mode, sharing, tiered, compressed oops, compressed class ptrs, g1 gc, windows-amd64)
# No core dump will be written. Minidumps are not enabled by default on client versions of Windows
#

---------------  S U M M A R Y ------------

Command Line: -javaagent:C:\Program Files\JetBrains\IntelliJ IDEA Community Edition 2025.1.3\lib\idea_rt.jar=56045 -Dfile.encoding=UTF-8 -Dsun.stdout.encoding=UTF-8 -Dsun.stderr.encoding=UTF-8 com.aiProjectBuilder.aiProjectBuilder.AiProjectBuilderApplication

Host: AMD Ryzen 5 7520U with Radeon Graphics         , 8 cores, 7G,  Windows 11 , 64 bit Build 26100 (10.0.26100.8328)
Time: Mon May 18 14:48:32 2026 India Standard Time elapsed time: 17.416007 seconds (0d 0h 0m 17s)

---------------  T H R E A D  ---------------

Current thread (0x0000025dcb5eb0c0):  JavaThread "C2 CompilerThread0" daemon [_thread_in_native, id=3620, stack(0x000000f1ef200000,0x000000f1ef300000) (1024K)]


Current CompileTask:
C2:17416 4278   !   4       jdk.internal.loader.BuiltinClassLoader::loadClassOrNull (143 bytes)

Stack: [0x000000f1ef200000,0x000000f1ef300000]
Native frames: (J=compiled Java code, j=interpreted, Vv=VM code, C=native code)
V  [jvm.dll+0x6f7bb9]  (no source info available)
V  [jvm.dll+0x8dc245]  (no source info available)
V  [jvm.dll+0x8de4ae]  (no source info available)
V  [jvm.dll+0x8deb93]  (no source info available)
V  [jvm.dll+0x28d336]  (no source info available)
V  [jvm.dll+0xc500f]  (no source info available)
V  [jvm.dll+0xc526b]  (no source info available)
V  [jvm.dll+0x3036c1]  (no source info available)
V  [jvm.dll+0x61d639]  (no source info available)
V  [jvm.dll+0x25d4c2]  (no source info available)
V  [jvm.dll+0x2554c3]  (no source info available)
V  [jvm.dll+0x2536f0]  (no source info available)
V  [jvm.dll+0x1cef4a]  (no source info available)
V  [jvm.dll+0x263335]  (no source info available)
V  [jvm.dll+0x2615fb]  (no source info available)
V  [jvm.dll+0x407456]  (no source info available)
V  [jvm.dll+0x883778]  (no source info available)
V  [jvm.dll+0x6f63c5]  (no source info available)
C  [ucrtbase.dll+0x37b0]  (no source info available)
C  [KERNEL32.DLL+0x2e957]  (no source info available)
C  [ntdll.dll+0x427c]  (no source info available)


---------------  P R O C E S S  ---------------

Threads class SMR info:
_java_thread_list=0x0000025e116a5870, length=16, elements={
0x0000025dacc3e560, 0x0000025dcb5b7dc0, 0x0000025dcb5ba930, 0x0000025dcb5bfb60,
0x0000025dcb5c3c80, 0x0000025dcb5c2b10, 0x0000025dcb5c66f0, 0x0000025dcb5eb0c0,
0x0000025dcb5f0c90, 0x0000025dcb7ed570, 0x0000025dcbb06710, 0x0000025dcbb06d80,
0x0000025e13c89630, 0x0000025e11a0f550, 0x0000025e133f2420, 0x0000025e1167eed0
}

Java Threads: ( => current thread )
  0x0000025dacc3e560 JavaThread "main"                              [_thread_in_vm, id=29512, stack(0x000000f1ee400000,0x000000f1ee500000) (1024K)]
  0x0000025dcb5b7dc0 JavaThread "Reference Handler"          daemon [_thread_blocked, id=30104, stack(0x000000f1eec00000,0x000000f1eed00000) (1024K)]
  0x0000025dcb5ba930 JavaThread "Finalizer"                  daemon [_thread_blocked, id=28648, stack(0x000000f1eed00000,0x000000f1eee00000) (1024K)]
  0x0000025dcb5bfb60 JavaThread "Signal Dispatcher"          daemon [_thread_blocked, id=18268, stack(0x000000f1eee00000,0x000000f1eef00000) (1024K)]
  0x0000025dcb5c3c80 JavaThread "Attach Listener"            daemon [_thread_blocked, id=27368, stack(0x000000f1eef00000,0x000000f1ef000000) (1024K)]
  0x0000025dcb5c2b10 JavaThread "Service Thread"             daemon [_thread_blocked, id=30344, stack(0x000000f1ef000000,0x000000f1ef100000) (1024K)]
  0x0000025dcb5c66f0 JavaThread "Monitor Deflation Thread"   daemon [_thread_blocked, id=26344, stack(0x000000f1ef100000,0x000000f1ef200000) (1024K)]
=>0x0000025dcb5eb0c0 JavaThread "C2 CompilerThread0"         daemon [_thread_in_native, id=3620, stack(0x000000f1ef200000,0x000000f1ef300000) (1024K)]
  0x0000025dcb5f0c90 JavaThread "C1 CompilerThread0"         daemon [_thread_blocked, id=27308, stack(0x000000f1ef300000,0x000000f1ef400000) (1024K)]
  0x0000025dcb7ed570 JavaThread "Common-Cleaner"             daemon [_thread_blocked, id=29440, stack(0x000000f1ef400000,0x000000f1ef500000) (1024K)]
  0x0000025dcbb06710 JavaThread "Monitor Ctrl-Break"         daemon [_thread_in_native, id=10648, stack(0x000000f1ef500000,0x000000f1ef600000) (1024K)]
  0x0000025dcbb06d80 JavaThread "Notification Thread"        daemon [_thread_blocked, id=26768, stack(0x000000f1ef600000,0x000000f1ef700000) (1024K)]
  0x0000025e13c89630 JavaThread "C2 CompilerThread1"         daemon [_thread_in_native, id=11004, stack(0x000000f1efe00000,0x000000f1eff00000) (1024K)]
  0x0000025e11a0f550 JavaThread "Catalina-utility-1"                [_thread_blocked, id=18708, stack(0x000000f1eff00000,0x000000f1f0000000) (1024K)]
  0x0000025e133f2420 JavaThread "Catalina-utility-2"                [_thread_blocked, id=25552, stack(0x000000f1f0000000,0x000000f1f0100000) (1024K)]
  0x0000025e1167eed0 JavaThread "container-0"                       [_thread_blocked, id=15804, stack(0x000000f1f0200000,0x000000f1f0300000) (1024K)]
Total: 16

Other Threads:
  0x0000025dcb59aca0 VMThread "VM Thread"                           [id=26464, stack(0x000000f1eeb00000,0x000000f1eec00000) (1024K)]
  0x0000025dcb581dd0 WatcherThread "VM Periodic Task Thread"        [id=7956, stack(0x000000f1eea00000,0x000000f1eeb00000) (1024K)]
  0x0000025daeecb9b0 WorkerThread "GC Thread#0"                     [id=10840, stack(0x000000f1ee500000,0x000000f1ee600000) (1024K)]
  0x0000025e119fb210 WorkerThread "GC Thread#1"                     [id=28652, stack(0x000000f1ef700000,0x000000f1ef800000) (1024K)]
  0x0000025e11aa4950 WorkerThread "GC Thread#2"                     [id=26232, stack(0x000000f1ef800000,0x000000f1ef900000) (1024K)]
  0x0000025e11a76f30 WorkerThread "GC Thread#3"                     [id=9640, stack(0x000000f1ef900000,0x000000f1efa00000) (1024K)]
  0x0000025e1130c180 WorkerThread "GC Thread#4"                     [id=10340, stack(0x000000f1efa00000,0x000000f1efb00000) (1024K)]
  0x0000025e11779400 WorkerThread "GC Thread#5"                     [id=30060, stack(0x000000f1efb00000,0x000000f1efc00000) (1024K)]
  0x0000025e11779bb0 WorkerThread "GC Thread#6"                     [id=28284, stack(0x000000f1efc00000,0x000000f1efd00000) (1024K)]
  0x0000025e1177a360 WorkerThread "GC Thread#7"                     [id=29188, stack(0x000000f1efd00000,0x000000f1efe00000) (1024K)]
  0x0000025daeedc080 ConcurrentGCThread "G1 Main Marker"            [id=29380, stack(0x000000f1ee600000,0x000000f1ee700000) (1024K)]
  0x0000025daeedd330 WorkerThread "G1 Conc#0"                       [id=24360, stack(0x000000f1ee700000,0x000000f1ee800000) (1024K)]
  0x0000025e12000ef0 WorkerThread "G1 Conc#1"                       [id=25100, stack(0x000000f1f0100000,0x000000f1f0200000) (1024K)]
  0x0000025dcb44b540 ConcurrentGCThread "G1 Refine#0"               [id=10824, stack(0x000000f1ee800000,0x000000f1ee900000) (1024K)]
  0x0000025dcb455550 ConcurrentGCThread "G1 Service"                [id=21840, stack(0x000000f1ee900000,0x000000f1eea00000) (1024K)]
Total: 15

Threads with active compile tasks:
C2 CompilerThread0  20598 4278   !   4       jdk.internal.loader.BuiltinClassLoader::loadClassOrNull (143 bytes)
C2 CompilerThread1  20598 4274       4       org.springframework.core.annotation.TypeMappedAnnotations::get (8 bytes)
Total: 2

VM state: not at safepoint (normal execution)

VM Mutex/Monitor currently owned by a thread: None

Heap address: 0x000000008c200000, size: 1854 MB, Compressed Oops mode: 32-bit

CDS archive(s) mapped at: [0x0000025dcc000000-0x0000025dccc60000-0x0000025dccc60000), size 12976128, SharedBaseAddress: 0x0000025dcc000000, ArchiveRelocationMode: 1.
Compressed class space mapped at: 0x0000025dcd000000-0x0000025e0d000000, reserved size: 1073741824
Narrow klass base: 0x0000025dcc000000, Narrow klass shift: 0, Narrow klass range: 0x41000000

GC Precious Log:
 CardTable entry size: 512
 Card Set container configuration: InlinePtr #cards 5 size 8 Array Of Cards #cards 12 size 40 Howl #buckets 4 coarsen threshold 1843 Howl Bitmap #cards 512 size 80 coarsen threshold 460 Card regions per heap region 1 cards per card region 2048
 CPUs: 8 total, 8 available
 Memory: 7413M
 Large Page Support: Disabled
 NUMA Support: Disabled
 Compressed Oops: Enabled (32-bit)
 Heap Region Size: 1M
 Heap Min Capacity: 8M
 Heap Initial Capacity: 116M
 Heap Max Capacity: 1854M
 Pre-touch: Disabled
 Parallel Workers: 8
 Concurrent Workers: 2
 Concurrent Refinement Workers: 8
 Periodic GC: Disabled

Heap:
 garbage-first heap   total reserved 1898496K, committed 45056K, used 31845K [0x000000008c200000, 0x0000000100000000)
  region size 1024K, 17 young (17408K), 3 survivors (3072K)
 Metaspace       used 34223K, committed 34816K, reserved 1114112K
  class space    used 4415K, committed 4672K, reserved 1048576K

Heap Regions: E=young(eden), S=young(survivor), O=old, HS=humongous(starts), HC=humongous(continues), CS=collection set, F=free, TAMS=top-at-mark-start, PB=parsable bottom
|   0|0x000000008c200000, 0x000000008c300000, 0x000000008c300000|100%|HS|  |TAMS 0x000000008c200000| PB 0x000000008c200000| Complete |  0
|   1|0x000000008c300000, 0x000000008c400000, 0x000000008c400000|100%| O|  |TAMS 0x000000008c300000| PB 0x000000008c300000| Untracked |  0
|   2|0x000000008c400000, 0x000000008c500000, 0x000000008c500000|100%| O|  |TAMS 0x000000008c400000| PB 0x000000008c400000| Untracked |  0
|   3|0x000000008c500000, 0x000000008c600000, 0x000000008c600000|100%| O|  |TAMS 0x000000008c500000| PB 0x000000008c500000| Untracked |  0
|   4|0x000000008c600000, 0x000000008c700000, 0x000000008c700000|100%| O|  |TAMS 0x000000008c600000| PB 0x000000008c600000| Untracked |  0
|   5|0x000000008c700000, 0x000000008c800000, 0x000000008c800000|100%| O|  |TAMS 0x000000008c700000| PB 0x000000008c700000| Untracked |  0
|   6|0x000000008c800000, 0x000000008c900000, 0x000000008c900000|100%| O|  |TAMS 0x000000008c800000| PB 0x000000008c800000| Untracked |  0
|   7|0x000000008c900000, 0x000000008ca00000, 0x000000008ca00000|100%| O|  |TAMS 0x000000008c900000| PB 0x000000008c900000| Untracked |  0
|   8|0x000000008ca00000, 0x000000008cb00000, 0x000000008cb00000|100%| O|  |TAMS 0x000000008ca00000| PB 0x000000008ca00000| Untracked |  0
|   9|0x000000008cb00000, 0x000000008cc00000, 0x000000008cc00000|100%| O|  |TAMS 0x000000008cb00000| PB 0x000000008cb00000| Untracked |  0
|  10|0x000000008cc00000, 0x000000008cd00000, 0x000000008cd00000|100%| O|  |TAMS 0x000000008cc00000| PB 0x000000008cc00000| Untracked |  0
|  11|0x000000008cd00000, 0x000000008ce00000, 0x000000008ce00000|100%| O|  |TAMS 0x000000008cd00000| PB 0x000000008cd00000| Untracked |  0
|  12|0x000000008ce00000, 0x000000008cf00000, 0x000000008cf00000|100%| O|  |TAMS 0x000000008ce00000| PB 0x000000008ce00000| Untracked |  0
|  13|0x000000008cf00000, 0x000000008d000000, 0x000000008d000000|100%| O|  |TAMS 0x000000008cf00000| PB 0x000000008cf00000| Untracked |  0
|  14|0x000000008d000000, 0x000000008d100000, 0x000000008d100000|100%| O|  |TAMS 0x000000008d000000| PB 0x000000008d000000| Untracked |  0
|  15|0x000000008d100000, 0x000000008d200000, 0x000000008d200000|100%| O|  |TAMS 0x000000008d100000| PB 0x000000008d100000| Untracked |  0
|  16|0x000000008d200000, 0x000000008d200000, 0x000000008d300000|  0%| F|  |TAMS 0x000000008d200000| PB 0x000000008d200000| Untracked |  0
|  17|0x000000008d300000, 0x000000008d300000, 0x000000008d400000|  0%| F|  |TAMS 0x000000008d300000| PB 0x000000008d300000| Untracked |  0
|  18|0x000000008d400000, 0x000000008d400000, 0x000000008d500000|  0%| F|  |TAMS 0x000000008d400000| PB 0x000000008d400000| Untracked |  0
|  19|0x000000008d500000, 0x000000008d519448, 0x000000008d600000|  9%| S|CS|TAMS 0x000000008d500000| PB 0x000000008d500000| Complete |  0
|  20|0x000000008d600000, 0x000000008d700000, 0x000000008d700000|100%| S|CS|TAMS 0x000000008d600000| PB 0x000000008d600000| Complete |  0
|  21|0x000000008d700000, 0x000000008d800000, 0x000000008d800000|100%| S|CS|TAMS 0x000000008d700000| PB 0x000000008d700000| Complete |  0
|  22|0x000000008d800000, 0x000000008d800000, 0x000000008d900000|  0%| F|  |TAMS 0x000000008d800000| PB 0x000000008d800000| Untracked |  0
|  23|0x000000008d900000, 0x000000008d900000, 0x000000008da00000|  0%| F|  |TAMS 0x000000008d900000| PB 0x000000008d900000| Untracked |  0
|  24|0x000000008da00000, 0x000000008da00000, 0x000000008db00000|  0%| F|  |TAMS 0x000000008da00000| PB 0x000000008da00000| Untracked |  0
|  25|0x000000008db00000, 0x000000008db00000, 0x000000008dc00000|  0%| F|  |TAMS 0x000000008db00000| PB 0x000000008db00000| Untracked |  0
|  26|0x000000008dc00000, 0x000000008dc00000, 0x000000008dd00000|  0%| F|  |TAMS 0x000000008dc00000| PB 0x000000008dc00000| Untracked |  0
|  27|0x000000008dd00000, 0x000000008dd00000, 0x000000008de00000|  0%| F|  |TAMS 0x000000008dd00000| PB 0x000000008dd00000| Untracked |  0
|  28|0x000000008de00000, 0x000000008de00000, 0x000000008df00000|  0%| F|  |TAMS 0x000000008de00000| PB 0x000000008de00000| Untracked |  0
|  29|0x000000008df00000, 0x000000008df00000, 0x000000008e000000|  0%| F|  |TAMS 0x000000008df00000| PB 0x000000008df00000| Untracked |  0
|  30|0x000000008e000000, 0x000000008e065118, 0x000000008e100000| 39%| E|  |TAMS 0x000000008e000000| PB 0x000000008e000000| Complete |  1
|  31|0x000000008e100000, 0x000000008e200000, 0x000000008e200000|100%| E|CS|TAMS 0x000000008e100000| PB 0x000000008e100000| Complete |  0
|  32|0x000000008e200000, 0x000000008e300000, 0x000000008e300000|100%| E|CS|TAMS 0x000000008e200000| PB 0x000000008e200000| Complete |  0
|  33|0x000000008e300000, 0x000000008e400000, 0x000000008e400000|100%| E|CS|TAMS 0x000000008e300000| PB 0x000000008e300000| Complete |  0
|  34|0x000000008e400000, 0x000000008e500000, 0x000000008e500000|100%| E|CS|TAMS 0x000000008e400000| PB 0x000000008e400000| Complete |  0
|  35|0x000000008e500000, 0x000000008e600000, 0x000000008e600000|100%| E|CS|TAMS 0x000000008e500000| PB 0x000000008e500000| Complete |  0
|  36|0x000000008e600000, 0x000000008e700000, 0x000000008e700000|100%| E|CS|TAMS 0x000000008e600000| PB 0x000000008e600000| Complete |  0
|  37|0x000000008e700000, 0x000000008e800000, 0x000000008e800000|100%| E|CS|TAMS 0x000000008e700000| PB 0x000000008e700000| Complete |  0
|  90|0x0000000091c00000, 0x0000000091d00000, 0x0000000091d00000|100%| E|CS|TAMS 0x0000000091c00000| PB 0x0000000091c00000| Complete |  0
|  91|0x0000000091d00000, 0x0000000091e00000, 0x0000000091e00000|100%| E|CS|TAMS 0x0000000091d00000| PB 0x0000000091d00000| Complete |  0
|  92|0x0000000091e00000, 0x0000000091f00000, 0x0000000091f00000|100%| E|CS|TAMS 0x0000000091e00000| PB 0x0000000091e00000| Complete |  0
|  93|0x0000000091f00000, 0x0000000092000000, 0x0000000092000000|100%| E|CS|TAMS 0x0000000091f00000| PB 0x0000000091f00000| Complete |  0
|  94|0x0000000092000000, 0x0000000092100000, 0x0000000092100000|100%| E|CS|TAMS 0x0000000092000000| PB 0x0000000092000000| Complete |  0
| 115|0x0000000093500000, 0x0000000093600000, 0x0000000093600000|100%| E|CS|TAMS 0x0000000093500000| PB 0x0000000093500000| Complete |  0

Card table byte_map: [0x0000025dc6ae0000,0x0000025dc6e80000] _byte_map_base: 0x0000025dc667f000

Marking Bits: (CMBitMap*) 0x0000025daeecc0c0
 Bits: [0x0000025dc6e80000, 0x0000025dc8b78000)

Polling page: 0x0000025dacde0000

Metaspace:

Usage:
  Non-class:     29.11 MB used.
      Class:      4.31 MB used.
       Both:     33.43 MB used.

Virtual space:
  Non-class space:       64.00 MB reserved,      29.44 MB ( 46%) committed,  1 nodes.
      Class space:        1.00 GB reserved,       4.56 MB ( <1%) committed,  1 nodes.
             Both:        1.06 GB reserved,      34.00 MB (  3%) committed. 

Chunk freelists:
   Non-Class:  1.72 MB
       Class:  11.47 MB
        Both:  13.19 MB

MaxMetaspaceSize: unlimited
CompressedClassSpaceSize: 1.00 GB
Initial GC threshold: 21.00 MB
Current GC threshold: 35.12 MB
CDS: on
 - commit_granule_bytes: 65536.
 - commit_granule_words: 8192.
 - virtual_space_node_default_size: 8388608.
 - enlarge_chunks_in_place: 1.
 - use_allocation_guard: 0.


Internal statistics:

num_allocs_failed_limit: 5.
num_arena_births: 774.
num_arena_deaths: 0.
num_vsnodes_births: 2.
num_vsnodes_deaths: 0.
num_space_committed: 544.
num_space_uncommitted: 0.
num_chunks_returned_to_freelist: 5.
num_chunks_taken_from_freelist: 1986.
num_chunk_merges: 5.
num_chunk_splits: 1347.
num_chunks_enlarged: 972.
num_inconsistent_stats: 0.

CodeHeap 'non-profiled nmethods': size=120000Kb used=2396Kb max_used=2396Kb free=117603Kb
 bounds [0x0000025dbeed0000, 0x0000025dbf140000, 0x0000025dc6400000]
CodeHeap 'profiled nmethods': size=120000Kb used=8784Kb max_used=8784Kb free=111215Kb
 bounds [0x0000025db7400000, 0x0000025db7ca0000, 0x0000025dbe930000]
CodeHeap 'non-nmethods': size=5760Kb used=1496Kb max_used=1559Kb free=4263Kb
 bounds [0x0000025dbe930000, 0x0000025dbeba0000, 0x0000025dbeed0000]
 total_blobs=4875 nmethods=4305 adapters=474
 compilation: enabled
              stopped_count=0, restarted_count=0
 full_count=0

Compilation events (20 events):
Event: 15.189 Thread 0x0000025dcb5f0c90 4297       3       java.lang.String::regionMatches (150 bytes)
Event: 15.190 Thread 0x0000025dcb5f0c90 nmethod 4297 0x0000025db7c90210 code [0x0000025db7c90460, 0x0000025db7c90c28]
Event: 15.221 Thread 0x0000025dcb5f0c90 4301       3       java.lang.invoke.LambdaForm$Name::<init> (99 bytes)
Event: 15.222 Thread 0x0000025dcb5f0c90 nmethod 4301 0x0000025db7c90f10 code [0x0000025db7c910c0, 0x0000025db7c913d0]
Event: 15.224 Thread 0x0000025dcb5f0c90 4302       3       jdk.internal.org.objectweb.asm.ClassWriter::visitSource (39 bytes)
Event: 15.225 Thread 0x0000025dcb5f0c90 nmethod 4302 0x0000025db7c91490 code [0x0000025db7c91660, 0x0000025db7c91ad8]
Event: 15.250 Thread 0x0000025dcb5f0c90 4303       3       java.util.concurrent.ConcurrentHashMap::<init> (5 bytes)
Event: 15.251 Thread 0x0000025dcb5f0c90 nmethod 4303 0x0000025db7c91c90 code [0x0000025db7c91e40, 0x0000025db7c92008]
Event: 15.251 Thread 0x0000025dcb5eb0c0 nmethod 4236 0x0000025dbf119b10 code [0x0000025dbf11a2e0, 0x0000025dbf11ec80]
Event: 15.254 Thread 0x0000025dcb5eb0c0 4292       4       jdk.internal.org.objectweb.asm.SymbolTable::addConstantUtf8Reference (101 bytes)
Event: 15.290 Thread 0x0000025dcb5eb0c0 nmethod 4292 0x0000025dbf124810 code [0x0000025dbf124a40, 0x0000025dbf1259f0]
Event: 15.290 Thread 0x0000025dcb5eb0c0 4279       4       sun.reflect.annotation.AnnotationInvocationHandler::invoke (182 bytes)
Event: 15.306 Thread 0x0000025dcb5eb0c0 nmethod 4279 0x0000025dbf126090 code [0x0000025dbf1262c0, 0x0000025dbf126978]
Event: 15.306 Thread 0x0000025dcb5eb0c0 4278   !   4       jdk.internal.loader.BuiltinClassLoader::loadClassOrNull (143 bytes)
Event: 15.336 Thread 0x0000025dcb5f0c90 4304       3       java.lang.CompoundEnumeration::next (58 bytes)
Event: 15.337 Thread 0x0000025dcb5f0c90 nmethod 4304 0x0000025db7c92110 code [0x0000025db7c922e0, 0x0000025db7c92620]
Event: 15.355 Thread 0x0000025dcb5f0c90 4305       3       jdk.internal.loader.ClassLoaders::bootLoader (4 bytes)
Event: 15.355 Thread 0x0000025dcb5f0c90 nmethod 4305 0x0000025db7c92790 code [0x0000025db7c92920, 0x0000025db7c92a18]
Event: 15.355 Thread 0x0000025dcb5f0c90 4306       1       java.util.Collections$EmptyEnumeration::hasMoreElements (2 bytes)
Event: 15.356 Thread 0x0000025dcb5f0c90 nmethod 4306 0x0000025dbf127090 code [0x0000025dbf127220, 0x0000025dbf1272e8]

GC Heap History (12 events):
Event: 5.892 GC heap before
{Heap before GC invocations=0 (full 0):
 garbage-first heap   total reserved 1898496K, committed 118784K, used 24576K [0x000000008c200000, 0x0000000100000000)
  region size 1024K, 24 young (24576K), 0 survivors (0K)
 Metaspace       used 7171K, committed 7424K, reserved 1114112K
  class space    used 853K, committed 960K, reserved 1048576K
}
Event: 5.925 GC heap after
{Heap after GC invocations=1 (full 0):
 garbage-first heap   total reserved 1898496K, committed 118784K, used 7296K [0x000000008c200000, 0x0000000100000000)
  region size 1024K, 3 young (3072K), 3 survivors (3072K)
 Metaspace       used 7171K, committed 7424K, reserved 1114112K
  class space    used 853K, committed 960K, reserved 1048576K
}
Event: 7.460 GC heap before
{Heap before GC invocations=1 (full 0):
 garbage-first heap   total reserved 1898496K, committed 118784K, used 35968K [0x000000008c200000, 0x0000000100000000)
  region size 1024K, 32 young (32768K), 3 survivors (3072K)
 Metaspace       used 15180K, committed 15552K, reserved 1114112K
  class space    used 1906K, committed 2112K, reserved 1048576K
}
Event: 7.469 GC heap after
{Heap after GC invocations=2 (full 0):
 garbage-first heap   total reserved 1898496K, committed 118784K, used 10213K [0x000000008c200000, 0x0000000100000000)
  region size 1024K, 3 young (3072K), 3 survivors (3072K)
 Metaspace       used 15180K, committed 15552K, reserved 1114112K
  class space    used 1906K, committed 2112K, reserved 1048576K
}
Event: 8.458 GC heap before
{Heap before GC invocations=2 (full 0):
 garbage-first heap   total reserved 1898496K, committed 118784K, used 29669K [0x000000008c200000, 0x0000000100000000)
  region size 1024K, 24 young (24576K), 3 survivors (3072K)
 Metaspace       used 21048K, committed 21504K, reserved 1114112K
  class space    used 2641K, committed 2880K, reserved 1048576K
}
Event: 8.468 GC heap after
{Heap after GC invocations=3 (full 0):
 garbage-first heap   total reserved 1898496K, committed 118784K, used 12426K [0x000000008c200000, 0x0000000100000000)
  region size 1024K, 5 young (5120K), 5 survivors (5120K)
 Metaspace       used 21048K, committed 21504K, reserved 1114112K
  class space    used 2641K, committed 2880K, reserved 1048576K
}
Event: 9.633 GC heap before
{Heap before GC invocations=4 (full 0):
 garbage-first heap   total reserved 1898496K, committed 45056K, used 32906K [0x000000008c200000, 0x0000000100000000)
  region size 1024K, 26 young (26624K), 5 survivors (5120K)
 Metaspace       used 23457K, committed 23872K, reserved 1114112K
  class space    used 2942K, committed 3136K, reserved 1048576K
}
Event: 9.646 GC heap after
{Heap after GC invocations=5 (full 0):
 garbage-first heap   total reserved 1898496K, committed 45056K, used 14010K [0x000000008c200000, 0x0000000100000000)
  region size 1024K, 2 young (2048K), 2 survivors (2048K)
 Metaspace       used 23457K, committed 23872K, reserved 1114112K
  class space    used 2942K, committed 3136K, reserved 1048576K
}
Event: 11.329 GC heap before
{Heap before GC invocations=5 (full 0):
 garbage-first heap   total reserved 1898496K, committed 45056K, used 34490K [0x000000008c200000, 0x0000000100000000)
  region size 1024K, 22 young (22528K), 2 survivors (2048K)
 Metaspace       used 26683K, committed 27200K, reserved 1114112K
  class space    used 3411K, committed 3648K, reserved 1048576K
}
Event: 11.342 GC heap after
{Heap after GC invocations=6 (full 0):
 garbage-first heap   total reserved 1898496K, committed 45056K, used 16384K [0x000000008c200000, 0x0000000100000000)
  region size 1024K, 2 young (2048K), 2 survivors (2048K)
 Metaspace       used 26683K, committed 27200K, reserved 1114112K
  class space    used 3411K, committed 3648K, reserved 1048576K
}
Event: 13.398 GC heap before
{Heap before GC invocations=6 (full 0):
 garbage-first heap   total reserved 1898496K, committed 45056K, used 36864K [0x000000008c200000, 0x0000000100000000)
  region size 1024K, 22 young (22528K), 2 survivors (2048K)
 Metaspace       used 31160K, committed 31680K, reserved 1114112K
  class space    used 4020K, committed 4224K, reserved 1048576K
}
Event: 13.406 GC heap after
{Heap after GC invocations=7 (full 0):
 garbage-first heap   total reserved 1898496K, committed 45056K, used 18533K [0x000000008c200000, 0x0000000100000000)
  region size 1024K, 3 young (3072K), 3 survivors (3072K)
 Metaspace       used 31160K, committed 31680K, reserved 1114112K
  class space    used 4020K, committed 4224K, reserved 1048576K
}

Dll operation events (13 events):
Event: 0.054 Loaded shared library C:\Users\Parul\.jdks\corretto-22.0.2\bin\java.dll
Event: 0.209 Loaded shared library C:\Users\Parul\.jdks\corretto-22.0.2\bin\jsvml.dll
Event: 1.024 Loaded shared library C:\Users\Parul\.jdks\corretto-22.0.2\bin\zip.dll
Event: 1.051 Loaded shared library C:\Users\Parul\.jdks\corretto-22.0.2\bin\instrument.dll
Event: 1.091 Loaded shared library C:\Users\Parul\.jdks\corretto-22.0.2\bin\net.dll
Event: 1.109 Loaded shared library C:\Users\Parul\.jdks\corretto-22.0.2\bin\nio.dll
Event: 1.122 Loaded shared library C:\Users\Parul\.jdks\corretto-22.0.2\bin\zip.dll
Event: 3.969 Loaded shared library C:\Users\Parul\.jdks\corretto-22.0.2\bin\extnet.dll
Event: 4.057 Loaded shared library C:\Users\Parul\.jdks\corretto-22.0.2\bin\jimage.dll
Event: 6.685 Loaded shared library C:\Users\Parul\.jdks\corretto-22.0.2\bin\le.dll
Event: 8.034 Loaded shared library C:\Users\Parul\.jdks\corretto-22.0.2\bin\sunmscapi.dll
Event: 12.926 Loaded shared library C:\Users\Parul\.jdks\corretto-22.0.2\bin\management.dll
Event: 12.936 Loaded shared library C:\Users\Parul\.jdks\corretto-22.0.2\bin\management_ext.dll

Deoptimization events (20 events):
Event: 14.700 Thread 0x0000025dacc3e560 Uncommon trap: trap_request=0xffffffd6 fr.pc=0x0000025dbf0a9204 relative=0x0000000000002f24
Event: 14.700 Thread 0x0000025dacc3e560 Uncommon trap: reason=array_check action=maybe_recompile pc=0x0000025dbf0a9204 method=org.springframework.util.ConcurrentReferenceHashMap$Segment.lambda$doTask$0(Ljava/lang/Object;ILorg/springframework/util/ConcurrentReferenceHashMap$Reference;ILjava/lang
Event: 14.700 Thread 0x0000025dacc3e560 DEOPT PACKING pc=0x0000025dbf0a9204 sp=0x000000f1ee4fe410
Event: 14.700 Thread 0x0000025dacc3e560 DEOPT UNPACKING pc=0x0000025dbe9846a2 sp=0x000000f1ee4fe090 mode 2
Event: 14.720 Thread 0x0000025dacc3e560 Uncommon trap: trap_request=0xffffff45 fr.pc=0x0000025dbef864e0 relative=0x0000000000000280
Event: 14.720 Thread 0x0000025dacc3e560 Uncommon trap: reason=unstable_if action=reinterpret pc=0x0000025dbef864e0 method=org.springframework.boot.context.properties.source.ConfigurationPropertyName$Elements.charAt(II)C @ 15 c2
Event: 14.720 Thread 0x0000025dacc3e560 DEOPT PACKING pc=0x0000025dbef864e0 sp=0x000000f1ee4fc360
Event: 14.720 Thread 0x0000025dacc3e560 DEOPT UNPACKING pc=0x0000025dbe9846a2 sp=0x000000f1ee4fc2e0 mode 2
Event: 14.739 Thread 0x0000025dacc3e560 Uncommon trap: trap_request=0xffffff45 fr.pc=0x0000025dbef98a5c relative=0x000000000000023c
Event: 14.739 Thread 0x0000025dacc3e560 Uncommon trap: reason=unstable_if action=reinterpret pc=0x0000025dbef98a5c method=jdk.internal.org.objectweb.asm.Frame.push(I)V @ 26 c2
Event: 14.739 Thread 0x0000025dacc3e560 DEOPT PACKING pc=0x0000025dbef98a5c sp=0x000000f1ee4fd300
Event: 14.739 Thread 0x0000025dacc3e560 DEOPT UNPACKING pc=0x0000025dbe9846a2 sp=0x000000f1ee4fd2a8 mode 2
Event: 15.139 Thread 0x0000025dacc3e560 Uncommon trap: trap_request=0xffffff45 fr.pc=0x0000025dbefe79fc relative=0x000000000000115c
Event: 15.139 Thread 0x0000025dacc3e560 Uncommon trap: reason=unstable_if action=reinterpret pc=0x0000025dbefe79fc method=java.net.URL.<init>(Ljava/net/URL;Ljava/lang/String;Ljava/net/URLStreamHandler;)V @ 57 c2
Event: 15.139 Thread 0x0000025dacc3e560 DEOPT PACKING pc=0x0000025dbefe79fc sp=0x000000f1ee4fe410
Event: 15.139 Thread 0x0000025dacc3e560 DEOPT UNPACKING pc=0x0000025dbe9846a2 sp=0x000000f1ee4fe390 mode 2
Event: 15.139 Thread 0x0000025dacc3e560 Uncommon trap: trap_request=0xffffff45 fr.pc=0x0000025dbef89ddc relative=0x000000000000029c
Event: 15.139 Thread 0x0000025dacc3e560 Uncommon trap: reason=unstable_if action=reinterpret pc=0x0000025dbef89ddc method=java.lang.String.regionMatches(ZILjava/lang/String;II)Z @ 36 c2
Event: 15.139 Thread 0x0000025dacc3e560 DEOPT PACKING pc=0x0000025dbef89ddc sp=0x000000f1ee4fe350
Event: 15.139 Thread 0x0000025dacc3e560 DEOPT UNPACKING pc=0x0000025dbe9846a2 sp=0x000000f1ee4fe2e8 mode 2

Classes loaded (20 events):
Event: 13.364 Loading class java/util/LinkedList$Node
Event: 13.366 Loading class java/util/LinkedList$Node done
Event: 13.371 Loading class jdk/internal/vm/annotation/IntrinsicCandidate
Event: 13.371 Loading class jdk/internal/vm/annotation/IntrinsicCandidate done
Event: 13.390 Loading class java/util/concurrent/ScheduledThreadPoolExecutor$ScheduledFutureTask
Event: 13.390 Loading class java/util/concurrent/ScheduledThreadPoolExecutor$ScheduledFutureTask done
Event: 13.390 Loading class java/util/concurrent/Executors$RunnableAdapter
Event: 13.391 Loading class java/util/concurrent/Executors$RunnableAdapter done
Event: 13.391 Loading class java/util/concurrent/ThreadPoolExecutor$Worker
Event: 13.392 Loading class java/util/concurrent/ThreadPoolExecutor$Worker done
Event: 13.434 Loading class jdk/internal/event/ThreadSleepEvent
Event: 13.434 Loading class jdk/internal/event/ThreadSleepEvent done
Event: 13.595 Loading class java/lang/ExceptionInInitializerError
Event: 13.595 Loading class java/lang/ExceptionInInitializerError done
Event: 14.844 Loading class javax/naming/Referenceable
Event: 14.845 Loading class javax/naming/Referenceable done
Event: 15.069 Loading class java/lang/AbstractMethodError
Event: 15.069 Loading class java/lang/AbstractMethodError done
Event: 15.129 Loading class java/lang/instrument/ClassFileTransformer
Event: 15.130 Loading class java/lang/instrument/ClassFileTransformer done

Classes unloaded (0 events):
No events

Classes redefined (0 events):
No events

Internal exceptions (20 events):
Event: 11.808 Thread 0x0000025dacc3e560 Exception <a 'java/lang/IncompatibleClassChangeError'{0x0000000091ca1bf8}: Found class java.lang.Object, but interface was expected> (0x0000000091ca1bf8) 
thrown [s\src\hotspot\share\interpreter\linkResolver.cpp, line 841]
Event: 11.810 Thread 0x0000025dacc3e560 Exception <a 'java/lang/IncompatibleClassChangeError'{0x0000000091cab138}: Found class java.lang.Object, but interface was expected> (0x0000000091cab138) 
thrown [s\src\hotspot\share\interpreter\linkResolver.cpp, line 841]
Event: 11.825 Thread 0x0000025dacc3e560 Exception <a 'java/lang/NoSuchMethodError'{0x0000000091cd5d48}: 'int java.lang.invoke.DirectMethodHandle$Holder.invokeSpecial(java.lang.Object, java.lang.Object, int)'> (0x0000000091cd5d48) 
thrown [s\src\hotspot\share\interpreter\linkResolver.cpp, line 774]
Event: 11.833 Thread 0x0000025dacc3e560 Exception <a 'java/lang/NoSuchMethodError'{0x0000000091ce4130}: 'void java.lang.invoke.DirectMethodHandle$Holder.invokeStatic(java.lang.Object, java.lang.Object, java.lang.Object, int, java.lang.Object)'> (0x0000000091ce4130) 
thrown [s\src\hotspot\share\interpreter\linkResolver.cpp, line 774]
Event: 11.834 Thread 0x0000025dacc3e560 Exception <a 'java/lang/NoSuchMethodError'{0x0000000091cea958}: 'java.lang.Object java.lang.invoke.DirectMethodHandle$Holder.newInvokeSpecial(java.lang.Object, java.lang.Object, java.lang.Object, int)'> (0x0000000091cea958) 
thrown [s\src\hotspot\share\interpreter\linkResolver.cpp, line 774]
Event: 11.835 Thread 0x0000025dacc3e560 Exception <a 'java/lang/NoSuchMethodError'{0x0000000091cee7f8}: 'java.lang.Object java.lang.invoke.DirectMethodHandle$Holder.invokeSpecial(java.lang.Object, java.lang.Object, java.lang.Object, java.lang.Object, int)'> (0x0000000091cee7f8) 
thrown [s\src\hotspot\share\interpreter\linkResolver.cpp, line 774]
Event: 11.835 Thread 0x0000025dacc3e560 Exception <a 'java/lang/NoSuchMethodError'{0x0000000091cf1c80}: 'java.lang.Object java.lang.invoke.Invokers$Holder.linkToTargetMethod(java.lang.Object, java.lang.Object, int, java.lang.Object)'> (0x0000000091cf1c80) 
thrown [s\src\hotspot\share\interpreter\linkResolver.cpp, line 774]
Event: 11.859 Thread 0x0000025dacc3e560 Exception <a 'java/lang/NoSuchMethodError'{0x000000008e74a9c8}: 'void java.lang.invoke.DirectMethodHandle$Holder.invokeStatic(java.lang.Object, int, java.lang.Object)'> (0x000000008e74a9c8) 
thrown [s\src\hotspot\share\interpreter\linkResolver.cpp, line 774]
Event: 11.985 Thread 0x0000025dacc3e560 Exception <a 'java/lang/NoSuchMethodError'{0x000000008e6c0d28}: 'java.lang.Object java.lang.invoke.DirectMethodHandle$Holder.invokeVirtual(java.lang.Object, java.lang.Object, java.lang.Object, java.lang.Object, java.lang.Object)'> (0x000000008e6c0d28) 
thrown [s\src\hotspot\share\interpreter\linkResolver.cpp, line 774]
Event: 12.513 Thread 0x0000025dacc3e560 Exception <a 'java/lang/NoSuchMethodError'{0x000000008e321050}: 'java.lang.Object java.lang.invoke.DirectMethodHandle$Holder.invokeStaticInit(java.lang.Object, java.lang.Object, int, int, int, int)'> (0x000000008e321050) 
thrown [s\src\hotspot\share\interpreter\linkResolver.cpp, line 774]
Event: 12.845 Thread 0x0000025dacc3e560 Exception <a 'java/lang/NoSuchMethodError'{0x000000008df236f8}: 'int java.lang.invoke.DirectMethodHandle$Holder.invokeVirtual(java.lang.Object, java.lang.Object, java.lang.Object, java.lang.Object)'> (0x000000008df236f8) 
thrown [s\src\hotspot\share\interpreter\linkResolver.cpp, line 774]
Event: 12.846 Thread 0x0000025dacc3e560 Exception <a 'java/lang/NoSuchMethodError'{0x000000008df26f78}: 'int java.lang.invoke.DelegatingMethodHandle$Holder.reinvoke_L(java.lang.Object, java.lang.Object, java.lang.Object, java.lang.Object)'> (0x000000008df26f78) 
thrown [s\src\hotspot\share\interpreter\linkResolver.cpp, line 774]
Event: 12.975 Thread 0x0000025dacc3e560 Exception <a 'java/io/FileNotFoundException'{0x000000008de2b850}> (0x000000008de2b850) 
thrown [s\src\hotspot\share\prims\jni.cpp, line 520]
Event: 13.193 Thread 0x0000025dacc3e560 Exception <a 'java/lang/NoSuchMethodError'{0x000000008dc60c78}: 'int java.lang.invoke.DirectMethodHandle$Holder.invokeInterface(java.lang.Object, java.lang.Object, java.lang.Object, java.lang.Object)'> (0x000000008dc60c78) 
thrown [s\src\hotspot\share\interpreter\linkResolver.cpp, line 774]
Event: 13.346 Thread 0x0000025dacc3e560 Exception <a 'java/lang/NoSuchMethodError'{0x000000008da605a0}: 'long java.lang.invoke.DirectMethodHandle$Holder.invokeVirtual(java.lang.Object, java.lang.Object)'> (0x000000008da605a0) 
thrown [s\src\hotspot\share\interpreter\linkResolver.cpp, line 774]
Event: 13.482 Thread 0x0000025dacc3e560 Exception <a 'java/lang/NoSuchMethodError'{0x00000000920197d8}: 'void java.lang.invoke.DirectMethodHandle$Holder.invokeVirtual(java.lang.Object, java.lang.Object, long)'> (0x00000000920197d8) 
thrown [s\src\hotspot\share\interpreter\linkResolver.cpp, line 774]
Event: 14.720 Thread 0x0000025dacc3e560 Implicit null exception at 0x0000025dbef8631b to 0x0000025dbef864c8
Event: 14.738 Thread 0x0000025dacc3e560 Exception <a 'java/lang/NoSuchMethodError'{0x0000000091eb1d00}: 'java.lang.Object java.lang.invoke.DirectMethodHandle$Holder.newInvokeSpecial(java.lang.Object, java.lang.Object, java.lang.Object, java.lang.Object, java.lang.Object, java.lang.Object, java.lang.Object, java.lang.Object, java.lang.Object, java.lang.Object, java.lang.Object)'> (0x0000000091eb1d00) 
thrown [s\src\hotspot\share\interpreter\linkResolver.cpp, line 774]
Event: 15.217 Thread 0x0000025dacc3e560 Exception <a 'java/lang/NoSuchMethodError'{0x000000008e5d48f8}: 'void java.lang.invoke.DirectMethodHandle$Holder.invokeInterface(java.lang.Object, java.lang.Object, java.lang.Object, java.lang.Object, int, java.lang.Object, java.lang.Object, java.lang.Object)'> (0x000000008e5d48f8) 
thrown [s\src\hotspot\share\interpreter\linkResolver.cpp, line 774]
Event: 15.218 Thread 0x0000025dacc3e560 Exception <a 'java/lang/NoSuchMethodError'{0x000000008e5dc8b8}: 'void java.lang.invoke.DelegatingMethodHandle$Holder.reinvoke_L(java.lang.Object, java.lang.Object, java.lang.Object, java.lang.Object, int, java.lang.Object, java.lang.Object, java.lang.Object)'> (0x000000008e5dc8b8) 
thrown [s\src\hotspot\share\interpreter\linkResolver.cpp, line 774]

ZGC Phase Switch (0 events):
No events

VM Operations (20 events):
Event: 12.356 Executing VM operation: Cleanup
Event: 12.356 Executing VM operation: Cleanup done
Event: 12.791 Executing VM operation: HandshakeAllThreads (Deoptimize)
Event: 12.791 Executing VM operation: HandshakeAllThreads (Deoptimize) done
Event: 12.948 Executing VM operation: HandshakeAllThreads (Deoptimize)
Event: 12.948 Executing VM operation: HandshakeAllThreads (Deoptimize) done
Event: 13.130 Executing VM operation: HandshakeAllThreads (Deoptimize)
Event: 13.130 Executing VM operation: HandshakeAllThreads (Deoptimize) done
Event: 13.255 Executing VM operation: HandshakeAllThreads (Deoptimize)
Event: 13.255 Executing VM operation: HandshakeAllThreads (Deoptimize) done
Event: 13.376 Executing VM operation: HandshakeAllThreads (Deoptimize)
Event: 13.376 Executing VM operation: HandshakeAllThreads (Deoptimize) done
Event: 13.376 Executing VM operation: Cleanup
Event: 13.376 Executing VM operation: Cleanup done
Event: 13.398 Executing VM operation: G1CollectForAllocation (G1 Evacuation Pause)
Event: 13.406 Executing VM operation: G1CollectForAllocation (G1 Evacuation Pause) done
Event: 14.406 Executing VM operation: Cleanup
Event: 14.625 Executing VM operation: Cleanup done
Event: 15.639 Executing VM operation: Cleanup
Event: 15.639 Executing VM operation: Cleanup done

Memory protections (0 events):
No events

Nmethod flushes (0 events):
No events

Events (20 events):
Event: 6.794 Thread 0x0000025dcb5f0c90 Thread added: 0x0000025e11c9c360
Event: 6.804 Thread 0x0000025e11c9c360 Thread added: 0x0000025e11c9ca20
Event: 7.038 Thread 0x0000025e11c9ca20 Thread exited: 0x0000025e11c9ca20
Event: 7.047 Thread 0x0000025dacc3e560 Thread added: 0x0000025e11e5c490
Event: 7.989 Thread 0x0000025dcb5f0c90 Thread added: 0x0000025e126203d0
Event: 8.327 Thread 0x0000025e11e5c490 Thread exited: 0x0000025e11e5c490
Event: 8.435 Thread 0x0000025dacc3e560 Thread added: 0x0000025e125ddd20
Event: 8.533 Thread 0x0000025e126203d0 Thread exited: 0x0000025e126203d0
Event: 8.563 Thread 0x0000025e125ddd20 Thread exited: 0x0000025e125ddd20
Event: 10.266 Thread 0x0000025e11c9c360 Thread exited: 0x0000025e11c9c360
Event: 10.605 Thread 0x0000025dcb5f0c90 Thread added: 0x0000025e12840d90
Event: 11.983 Thread 0x0000025dcb5f0c90 Thread added: 0x0000025e12843670
Event: 12.358 Thread 0x0000025e12843670 Thread exited: 0x0000025e12843670
Event: 12.521 Thread 0x0000025e12840d90 Thread exited: 0x0000025e12840d90
Event: 13.238 Thread 0x0000025dcb5f0c90 Thread added: 0x0000025e13c89630
Event: 13.397 Thread 0x0000025dacc3e560 Thread added: 0x0000025e11a0f550
Event: 13.433 Thread 0x0000025e11a0f550 Thread added: 0x0000025e133f2420
Event: 13.433 Thread 0x0000025dacc3e560 Thread added: 0x0000025e1167eed0
Event: 14.659 Thread 0x0000025dcb5f0c90 Thread added: 0x0000025e13c89d00
Event: 14.994 Thread 0x0000025e13c89d00 Thread exited: 0x0000025e13c89d00


Dynamic libraries:
0x00007ff641fe0000 - 0x00007ff641fee000 	C:\Users\Parul\.jdks\corretto-22.0.2\bin\java.exe
0x00007ffbe0fc0000 - 0x00007ffbe1227000 	C:\WINDOWS\SYSTEM32\ntdll.dll
0x00007ffbe01a0000 - 0x00007ffbe0269000 	C:\WINDOWS\System32\KERNEL32.DLL
0x00007ffbddc20000 - 0x00007ffbde017000 	C:\WINDOWS\System32\KERNELBASE.dll
0x00007ffbddaa0000 - 0x00007ffbddbeb000 	C:\WINDOWS\System32\ucrtbase.dll
0x00007ffbceb70000 - 0x00007ffbceb8b000 	C:\Users\Parul\.jdks\corretto-22.0.2\bin\VCRUNTIME140.dll
0x00007ffbceb20000 - 0x00007ffbceb37000 	C:\Users\Parul\.jdks\corretto-22.0.2\bin\jli.dll
0x00007ffbdee90000 - 0x00007ffbdf056000 	C:\WINDOWS\System32\USER32.dll
0x00007ffbddbf0000 - 0x00007ffbddc17000 	C:\WINDOWS\System32\win32u.dll
0x00007ffbdf060000 - 0x00007ffbdf08b000 	C:\WINDOWS\System32\GDI32.dll
0x00007ffbde950000 - 0x00007ffbdea7c000 	C:\WINDOWS\System32\gdi32full.dll
0x00007ffbdec90000 - 0x00007ffbded33000 	C:\WINDOWS\System32\msvcp_win.dll
0x00007ffbcd7a0000 - 0x00007ffbcda32000 	C:\WINDOWS\WinSxS\amd64_microsoft.windows.common-controls_6595b64144ccf1df_6.0.26100.8457_none_3e0b2faee331e92d\COMCTL32.dll
0x00007ffbe0700000 - 0x00007ffbe07a9000 	C:\WINDOWS\System32\msvcrt.dll
0x00007ffbe0470000 - 0x00007ffbe04a2000 	C:\WINDOWS\System32\IMM32.DLL
0x00007ffbd5c00000 - 0x00007ffbd5c0c000 	C:\Users\Parul\.jdks\corretto-22.0.2\bin\vcruntime140_1.dll
0x00007ffbb19f0000 - 0x00007ffbb1a7d000 	C:\Users\Parul\.jdks\corretto-22.0.2\bin\msvcp140.dll
0x00007ffb0e660000 - 0x00007ffb0f431000 	C:\Users\Parul\.jdks\corretto-22.0.2\bin\server\jvm.dll
0x00007ffbdf5a0000 - 0x00007ffbdf656000 	C:\WINDOWS\System32\ADVAPI32.dll
0x00007ffbdf470000 - 0x00007ffbdf517000 	C:\WINDOWS\System32\sechost.dll
0x00007ffbdf350000 - 0x00007ffbdf468000 	C:\WINDOWS\System32\RPCRT4.dll
0x00007ffbdee00000 - 0x00007ffbdee80000 	C:\WINDOWS\System32\WS2_32.dll
0x00007ffbdd850000 - 0x00007ffbdd8ae000 	C:\WINDOWS\SYSTEM32\POWRPROF.dll
0x00007ffbd8030000 - 0x00007ffbd8066000 	C:\WINDOWS\SYSTEM32\WINMM.dll
0x00007ffbd8070000 - 0x00007ffbd807b000 	C:\WINDOWS\SYSTEM32\VERSION.dll
0x00007ffbdd830000 - 0x00007ffbdd844000 	C:\WINDOWS\SYSTEM32\UMPDC.dll
0x00007ffbdc780000 - 0x00007ffbdc79b000 	C:\WINDOWS\SYSTEM32\kernel.appcore.dll
0x00007ffbceb60000 - 0x00007ffbceb6a000 	C:\Users\Parul\.jdks\corretto-22.0.2\bin\jimage.dll
0x00007ffbd2600000 - 0x00007ffbd2842000 	C:\WINDOWS\SYSTEM32\DBGHELP.DLL
0x00007ffbdf660000 - 0x00007ffbdf9e3000 	C:\WINDOWS\System32\combase.dll
0x00007ffbe0390000 - 0x00007ffbe0469000 	C:\WINDOWS\System32\OLEAUT32.dll
0x00007ffbd1a80000 - 0x00007ffbd1abb000 	C:\WINDOWS\SYSTEM32\dbgcore.DLL
0x00007ffbdd9f0000 - 0x00007ffbdda98000 	C:\WINDOWS\System32\bcryptPrimitives.dll
0x00007ffbce010000 - 0x00007ffbce01e000 	C:\Users\Parul\.jdks\corretto-22.0.2\bin\instrument.dll
0x00007ffbc2740000 - 0x00007ffbc275e000 	C:\Users\Parul\.jdks\corretto-22.0.2\bin\java.dll
0x00007ffbdfa20000 - 0x00007ffbe018e000 	C:\WINDOWS\System32\SHELL32.dll
0x00007ffbdf1b0000 - 0x00007ffbdf347000 	C:\WINDOWS\System32\ole32.dll
0x00007ffbde0e0000 - 0x00007ffbde94c000 	C:\WINDOWS\System32\windows.storage.dll
0x00007ffbe0800000 - 0x00007ffbe08f6000 	C:\WINDOWS\System32\SHCORE.dll
0x00007ffbe04b0000 - 0x00007ffbe0516000 	C:\WINDOWS\System32\shlwapi.dll
0x00007ffbdd910000 - 0x00007ffbdd939000 	C:\WINDOWS\SYSTEM32\profapi.dll
0x00007ffbb1910000 - 0x00007ffbb19e7000 	C:\Users\Parul\.jdks\corretto-22.0.2\bin\jsvml.dll
0x00007ffbc2700000 - 0x00007ffbc2717000 	C:\Users\Parul\.jdks\corretto-22.0.2\bin\zip.dll
0x00007ffbcc2e0000 - 0x00007ffbcc2f0000 	C:\Users\Parul\.jdks\corretto-22.0.2\bin\net.dll
0x00007ffbdccf0000 - 0x00007ffbdcd5c000 	C:\WINDOWS\system32\mswsock.dll
0x00007ffbc26e0000 - 0x00007ffbc26f6000 	C:\Users\Parul\.jdks\corretto-22.0.2\bin\nio.dll
0x00007ffbc3670000 - 0x00007ffbc3679000 	C:\Users\Parul\.jdks\corretto-22.0.2\bin\extnet.dll
0x00007ffbc26d0000 - 0x00007ffbc26db000 	C:\Users\Parul\.jdks\corretto-22.0.2\bin\le.dll
0x00007ffbc2730000 - 0x00007ffbc273e000 	C:\Users\Parul\.jdks\corretto-22.0.2\bin\sunmscapi.dll
0x00007ffbdeb10000 - 0x00007ffbdec88000 	C:\WINDOWS\System32\CRYPT32.dll
0x00007ffbdd1f0000 - 0x00007ffbdd220000 	C:\WINDOWS\SYSTEM32\ncrypt.dll
0x00007ffbdd1a0000 - 0x00007ffbdd1df000 	C:\WINDOWS\SYSTEM32\NTASN1.dll
0x00007ffbdcfe0000 - 0x00007ffbdcffb000 	C:\WINDOWS\SYSTEM32\CRYPTSP.dll
0x00007ffbdc6e0000 - 0x00007ffbdc719000 	C:\WINDOWS\system32\rsaenh.dll
0x00007ffbdcda0000 - 0x00007ffbdcdd3000 	C:\WINDOWS\SYSTEM32\USERENV.dll
0x00007ffbdd8e0000 - 0x00007ffbdd90a000 	C:\WINDOWS\SYSTEM32\bcrypt.dll
0x00007ffbdcfd0000 - 0x00007ffbdcfdc000 	C:\WINDOWS\SYSTEM32\CRYPTBASE.dll
0x00007ffbdc1c0000 - 0x00007ffbdc1f2000 	C:\WINDOWS\SYSTEM32\IPHLPAPI.DLL
0x00007ffbdf090000 - 0x00007ffbdf09a000 	C:\WINDOWS\System32\NSI.dll
0x00007ffbc26c0000 - 0x00007ffbc26c9000 	C:\Users\Parul\.jdks\corretto-22.0.2\bin\management.dll
0x00007ffbc2610000 - 0x00007ffbc261b000 	C:\Users\Parul\.jdks\corretto-22.0.2\bin\management_ext.dll
0x00007ffbdf1a0000 - 0x00007ffbdf1a8000 	C:\WINDOWS\System32\PSAPI.DLL

dbghelp: loaded successfully - version: 4.0.5 - missing functions: none
symbol engine: initialized successfully - sym options: 0x614 - pdb path: .;C:\Users\Parul\.jdks\corretto-22.0.2\bin;C:\WINDOWS\SYSTEM32;C:\WINDOWS\WinSxS\amd64_microsoft.windows.common-controls_6595b64144ccf1df_6.0.26100.8457_none_3e0b2faee331e92d;C:\Users\Parul\.jdks\corretto-22.0.2\bin\server

VM Arguments:
jvm_args: -javaagent:C:\Program Files\JetBrains\IntelliJ IDEA Community Edition 2025.1.3\lib\idea_rt.jar=56045 -Dfile.encoding=UTF-8 -Dsun.stdout.encoding=UTF-8 -Dsun.stderr.encoding=UTF-8 
java_command: com.aiProjectBuilder.aiProjectBuilder.AiProjectBuilderApplication
java_class_path (initial): C:\Users\Parul\Desktop\aiProjectBuilder\aiProjectBuilder\target\classes;C:\Users\Parul\.m2\repository\org\springframework\boot\spring-boot-starter-data-jpa\4.1.0-RC1\spring-boot-starter-data-jpa-4.1.0-RC1.jar;C:\Users\Parul\.m2\repository\org\springframework\boot\spring-boot-starter\4.1.0-RC1\spring-boot-starter-4.1.0-RC1.jar;C:\Users\Parul\.m2\repository\org\springframework\boot\spring-boot-starter-logging\4.1.0-RC1\spring-boot-starter-logging-4.1.0-RC1.jar;C:\Users\Parul\.m2\repository\ch\qos\logback\logback-classic\1.5.32\logback-classic-1.5.32.jar;C:\Users\Parul\.m2\repository\ch\qos\logback\logback-core\1.5.32\logback-core-1.5.32.jar;C:\Users\Parul\.m2\repository\org\apache\logging\log4j\log4j-to-slf4j\2.25.4\log4j-to-slf4j-2.25.4.jar;C:\Users\Parul\.m2\repository\org\apache\logging\log4j\log4j-api\2.25.4\log4j-api-2.25.4.jar;C:\Users\Parul\.m2\repository\org\slf4j\jul-to-slf4j\2.0.17\jul-to-slf4j-2.0.17.jar;C:\Users\Parul\.m2\repository\org\springframework\boot\spring-boot-autoconfigure\4.1.0-RC1\spring-boot-autoconfigure-4.1.0-RC1.jar;C:\Users\Parul\.m2\repository\jakarta\annotation\jakarta.annotation-api\3.0.0\jakarta.annotation-api-3.0.0.jar;C:\Users\Parul\.m2\repository\org\yaml\snakeyaml\2.6\snakeyaml-2.6.jar;C:\Users\Parul\.m2\repository\org\springframework\boot\spring-boot-starter-jdbc\4.1.0-RC1\spring-boot-starter-jdbc-4.1.0-RC1.jar;C:\Users\Parul\.m2\repository\com\zaxxer\HikariCP\7.0.2\HikariCP-7.0.2.jar;C:\Users\Parul\.m2\repository\org\slf4j\slf4j-api\2.0.17\slf4j-api-2.0.17.jar;C:\Users\Parul\.m2\repository\org\springframework\boot\spring-boot-data-jpa\4.1.0-RC1\spring-boot-data-jpa-4.1.0-RC1.jar;C:\Users\Parul\.m2\repository\org\springframework\boot\spring-boot-data-commons\4.1.0-RC1\spring-boot-data-commons-4.1.0-RC1.jar;C:\Users\Parul\.m2\repository\org\springframework\boot\spring-boot-persistence\4.1.0-RC1\spring-boot-persistence-4.1.0-RC1.jar;C:\Users\Parul\.m2\repository\org\springframework\data\spring-data-commons\4.1.0-RC1\spring-data-commons-4.1.0-RC1.jar;C:\Users\Parul\.m2\repository\org\springframework\boot\spring-boot-hibernate\4.1.0-RC1\spring-boot-hibernate-4.1.0-RC1.jar;C:\Users\Parul\.m2\repository\org\springframework\boot\spring-boot-jpa\4.1.0-RC1\spring-boot-jpa-4.1.0-RC1.jar;C:\Users\Parul\.m2\repository\jakarta\persistence\jakarta.persistence-api\3.2.0\jakarta.persistence-api-3.2.0.jar;C:\Users\Parul\.m2\repository\org\hibernate\orm\hibernate-core\7.2.12.Final\hibernate-core-7.2.12.Final.jar;C:\Users\Parul\.m2\repository\jakarta\transaction\jakarta.transaction-api\2.0.1\jakarta.transaction-api-2.0.1.jar;C:\Users\Parul\.m2\repository\org\jboss\logging\jboss-logging\3.6.3.Final\jboss-logging-3.6.3.Final.jar;C:\Users\Parul\.m2\repository\org\hibernate\models\hibernate-models\1.0.1\hibernate-models-1.0.1.jar;C:\Users\Parul\.m2\repository\com\fasterxml\classmate\1.7.3\classmate-1.7.3.jar;C:\Users\Parul\.m2\repository\org\glassfish\jaxb\jaxb-runtime\4.0.6\jaxb-runtime-4.0.6.jar;C:\Users\Parul\.m2\repository\org\glassfish\jaxb\jaxb-core\4.0.6\jaxb-core-4.0.6.jar;C:\Users\Parul\.m2\repository\org\eclipse\angus\angus-activation\2.0.3\angus-activation-2.0.3.jar;C:\Users\Parul\.m2\repository\org\glassfish\jaxb\txw2\4.0.6\txw2-4.0.6.jar;C:\Users\Parul\.m2\repository\com\sun\istack\istack-commons-runtime\4.1.2\istack-commons-runtime-4.1.2.jar;C:\Users\Parul\.m2\repository\jakarta\inject\jakarta.inject-api\2.0.1\jakarta.inject-api-2.0.1.jar;C:\Users\Parul\.m2\repository\org\springframework\spring-orm\7.0.7\spring-orm-7.0.7.jar;C:\Users\Parul\.m2\repository\org\springframework\data\spring-data-jpa\4.1.0-RC1\spring-data-jpa-4.1.0-RC1.jar;C:\Users\Parul\.m2\repository\org\springframework\spring-context\7.0.7\spring-context-7.0.7.jar;C:\Users\Parul\.m2\repository\org\springframework\spring-aop\7.0.7\spring-aop-7.0.7.jar;C:\Users\Parul\.m2\repository\org\springframework\spring-tx\7.0.7\spring-tx-7.0.7.jar;C:\Users\Parul\.m2\repository\org\springframework\spring-beans\7.0.7\spring-beans-7.0.7.jar;C:\Users\Parul\.m2\repository\org\antlr\antlr4-runtime\4.13.2\antlr4-runtime-4.13.2.jar;C:\Users\Parul\.m2\repository\org\springframework\spring-aspects\7.0.7\spring-aspects-7.0.7.jar;C:\Users\Parul\.m2\repository\org\aspectj\aspectjweaver\1.9.25.1\aspectjweaver-1.9.25.1.jar;C:\Users\Parul\.m2\repository\org\springframework\boot\spring-boot-jdbc\4.1.0-RC1\spring-boot-jdbc-4.1.0-RC1.jar;C:\Users\Parul\.m2\repository\org\springframework\boot\spring-boot\4.1.0-RC1\spring-boot-4.1.0-RC1.jar;C:\Users\Parul\.m2\repository\org\springframework\boot\spring-boot-sql\4.1.0-RC1\spring-boot-sql-4.1.0-RC1.jar;C:\Users\Parul\.m2\repository\org\springframework\boot\spring-boot-transaction\4.1.0-RC1\spring-boot-transaction-4.1.0-RC1.jar;C:\Users\Parul\.m2\repository\org\springframework\spring-jdbc\7.0.7\spring-jdbc-7.0.7.jar;C:\Users\Parul\.m2\repository\org\springframework\boot\spring-boot-starter-webmvc\4.1.0-RC1\spring-boot-starter-webmvc-4.1.0-RC1.jar;C:\Users\Parul\.m2\repository\org\springframework\boot\spring-boot-starter-jackson\4.1.0-RC1\spring-boot-starter-jackson-4.1.0-RC1.jar;C:\Users\Parul\.m2\repository\org\springframework\boot\spring-boot-jackson\4.1.0-RC1\spring-boot-jackson-4.1.0-RC1.jar;C:\Users\Parul\.m2\repository\tools\jackson\core\jackson-databind\3.1.2\jackson-databind-3.1.2.jar;C:\Users\Parul\.m2\repository\com\fasterxml\jackson\core\jackson-annotations\2.21\jackson-annotations-2.21.jar;C:\Users\Parul\.m2\repository\tools\jackson\core\jackson-core\3.1.2\jackson-core-3.1.2.jar;C:\Users\Parul\.m2\repository\org\springframework\boot\spring-boot-starter-tomcat\4.1.0-RC1\spring-boot-starter-tomcat-4.1.0-RC1.jar;C:\Users\Parul\.m2\repository\org\springframework\boot\spring-boot-starter-tomcat-runtime\4.1.0-RC1\spring-boot-starter-tomcat-runtime-4.1.0-RC1.jar;C:\Users\Parul\.m2\repository\org\apache\tomcat\embed\tomcat-embed-core\11.0.21\tomcat-embed-core-11.0.21.jar;C:\Users\Parul\.m2\repository\org\apache\tomcat\embed\tomcat-embed-el\11.0.21\tomcat-embed-el-11.0.21.jar;C:\Users\Parul\.m2\repository\org\apache\tomcat\embed\tomcat-embed-websocket\11.0.21\tomcat-embed-websocket-11.0.21.jar;C:\Users\Parul\.m2\repository\org\springframework\boot\spring-boot-tomcat\4.1.0-RC1\spring-boot-tomcat-4.1.0-RC1.jar;C:\Users\Parul\.m2\repository\org\springframework\boot\spring-boot-http-converter\4.1.0-RC1\spring-boot-http-converter-4.1.0-RC1.jar;C:\Users\Parul\.m2\repository\org\springframework\spring-web\7.0.7\spring-web-7.0.7.jar;C:\Users\Parul\.m2\repository\io\micrometer\micrometer-observation\1.17.0-RC1\micrometer-observation-1.17.0-RC1.jar;C:\Users\Parul\.m2\repository\io\micrometer\micrometer-commons\1.17.0-RC1\micrometer-commons-1.17.0-RC1.jar;C:\Users\Parul\.m2\repository\org\springframework\boot\spring-boot-webmvc\4.1.0-RC1\spring-boot-webmvc-4.1.0-RC1.jar;C:\Users\Parul\.m2\repository\org\springframework\boot\spring-boot-servlet\4.1.0-RC1\spring-boot-servlet-4.1.0-RC1.jar;C:\Users\Parul\.m2\repository\org\springframework\spring-webmvc\7.0.7\spring-webmvc-7.0.7.jar;C:\Users\Parul\.m2\repository\org\springframework\spring-expression\7.0.7\spring-expression-7.0.7.jar;C:\Users\Parul\.m2\repository\org\postgresql\postgresql\42.7.10\postgresql-42.7.10.jar;C:\Users\Parul\.m2\repository\org\checkerframework\checker-qual\3.52.0\checker-qual-3.52.0.jar;C:\Users\Parul\.m2\repository\org\projectlombok\lombok\1.18.46\lombok-1.18.46.jar;C:\Users\Parul\.m2\repository\jakarta\xml\bind\jakarta.xml.bind-api\4.0.4\jakarta.xml.bind-api-4.0.4.jar;C:\Users\Parul\.m2\repository\jakarta\activation\jakarta.activation-api\2.1.4\jakarta.activation-api-2.1.4.jar;C:\Users\Parul\.m2\repository\net\bytebuddy\byte-buddy\1.18.8\byte-buddy-1.18.8.jar;C:\Users\Parul\.m2\repository\org\springframework\spring-core\7.0.7\spring-core-7.0.7.jar;C:\Users\Parul\.m2\repository\commons-logging\commons-logging\1.3.6\commons-logging-1.3.6.jar;C:\Users\Parul\.m2\repository\org\jspecify\jspecify\1.0.0\jspecify-1.0.0.jar;C:\Users\Parul\.m2\repository\org\springframework\boot\spring-boot-web-server\4.1.0-RC1\spring-boot-web-server-4.1.0-RC1.jar;C:\Users\Parul\.m2\repository\org\mapstruct\mapstruct\1.6.3\mapstruct-1.6.3.jar;C:\Users\Parul\.m2\repository\org\projectlombok\lombok-mapstruct-binding\0.2.0\lombok-mapstruct-binding-0.2.0.jar
Launcher Type: SUN_STANDARD

[Global flags]
     intx CICompilerCount                          = 4                                         {product} {ergonomic}
     uint ConcGCThreads                            = 2                                         {product} {ergonomic}
     uint G1ConcRefinementThreads                  = 8                                         {product} {ergonomic}
   size_t G1HeapRegionSize                         = 1048576                                   {product} {ergonomic}
   size_t InitialHeapSize                          = 121634816                                 {product} {ergonomic}
   size_t MarkStackSize                            = 4194304                                   {product} {ergonomic}
   size_t MaxHeapSize                              = 1944059904                                {product} {ergonomic}
   size_t MaxNewSize                               = 1166016512                                {product} {ergonomic}
   size_t MinHeapDeltaBytes                        = 1048576                                   {product} {ergonomic}
   size_t MinHeapSize                              = 8388608                                   {product} {ergonomic}
    uintx NonNMethodCodeHeapSize                   = 5839372                                {pd product} {ergonomic}
    uintx NonProfiledCodeHeapSize                  = 122909434                              {pd product} {ergonomic}
    uintx ProfiledCodeHeapSize                     = 122909434                              {pd product} {ergonomic}
    uintx ReservedCodeCacheSize                    = 251658240                              {pd product} {ergonomic}
     bool SegmentedCodeCache                       = true                                      {product} {ergonomic}
   size_t SoftMaxHeapSize                          = 1944059904                             {manageable} {ergonomic}
     bool UseCompressedOops                        = true                           {product lp64_product} {ergonomic}
     bool UseG1GC                                  = true                                      {product} {ergonomic}
     bool UseLargePagesIndividualAllocation        = false                                  {pd product} {ergonomic}

Logging:
Log output configuration:
 #0: stdout all=warning uptime,level,tags foldmultilines=false
 #1: stderr all=off uptime,level,tags foldmultilines=false

Environment Variables:
JAVA_HOME=C:\Users\Parul\AppData\Local\Programs\Eclipse Adoptium\jdk-17.0.9.9-hotspot\
PATH=C:\Program Files\Java\jdk-21\bin;C:\Program Files\Common Files\Oracle\Java\javapath;C:\Program Files (x86)\Common Files\Oracle\Java\javapath;C:\WINDOWS\system32;C:\WINDOWS;C:\WINDOWS\System32\Wbem;C:\WINDOWS\System32\WindowsPowerShell\v1.0\;C:\WINDOWS\System32\OpenSSH\;C:\Program Files\Git\cmd;C:\mongodb-database-tools-windows-x86_64-100.10.0\bin;C:\Program Files\WireGuard\;C:\Program Files\nodejs\;C:\Program Files\Docker\Docker\resources\bin;C:\Program Files\Java\jdk-21;C:\Program Files\apache-maven-3.9.11\bin;C:\Program Files\MySQL\MySQL Server 8.0\bin;C:\Program Files\PostgreSQL\18\bin;C:\Users\Parul\AppData\Local\Programs\MiKTeX\miktex\bin\x64;C:\Users\Parul\scoop\shims;C:\Users\Parul\AppData\Local\Programs\Python\Python310\Scripts\;C:\Users\Parul\AppData\Local\Programs\Python\Python310\;C:\Users\Parul\AppData\Local\Programs\Eclipse Adoptium\jdk-17.0.9.9-hotspot\bin;C:\Users\Parul\AppData\Local\Microsoft\WindowsApps;C:\Users\Yugansh\VS Code\Microsoft VS Code\bin;C:\Users\Parul\AppData\Local\GitHubDesktop\bin;C:\Users\Parul\AppData\Local\Android\Sdk;C:\Users\Parul\AppData\Local\Android\Sdk\platform-tools;C:\Users\Parul\AppData\Local\Android\Sdk\emulator;C:\Users\Parul\AppData\Local\Android\Sdk\cmdline-tools\latest;C:\Users\Parul\AppData\Local\Android\Sdk\cmdline-tools\latest\bin;C:\Users\Parul\AppData\Local\spicetify;C:\Users\Parul\AppData\Local\Programs\cursor\resources\app\bin;$HOME\.goose\bin;C:\Users\Parul\AppData\Local\Microsoft\WindowsApps;C:\Users\Parul\AppData\Local\Microsoft\WinGet\Packages\Schniz.fnm_Microsoft.Winget.Source_8wekyb3d8bbwe;C:\Users\Parul\AppData\Roaming\npm;C:\Program Files\Java\jdk-24\bin;C:\Users\Parul\AppData\Local\Programs\Antigravity\bin;C:\Users\Parul\stripe;C:\Users\Parul\AppData\Local\Programs\MiKTeX\miktex\bin\x64\
USERNAME=Parul
OS=Windows_NT
PROCESSOR_IDENTIFIER=AMD64 Family 23 Model 160 Stepping 0, AuthenticAMD
TMP=C:\Users\Parul\AppData\Local\Temp
TEMP=C:\Users\Parul\AppData\Local\Temp




Periodic native trim disabled

---------------  S Y S T E M  ---------------

OS:
 Windows 11 , 64 bit Build 26100 (10.0.26100.8328)
OS uptime: 0 days 15:29 hours
Hyper-V role detected

CPU: total 8 (initial active 8) (8 cores per cpu, 2 threads per core) family 23 model 160 stepping 0 microcode 0x8a00006, cx8, cmov, fxsr, ht, mmx, 3dnowpref, sse, sse2, sse3, ssse3, sse4a, sse4.1, sse4.2, popcnt, lzcnt, tsc, tscinvbit, avx, avx2, aes, clmul, bmi1, bmi2, adx, sha, fma, vzeroupper, clflush, clflushopt, hv, rdtscp, rdpid, f16c
Processor Information for processor 0
  Max Mhz: 2801, Current Mhz: 2483, Mhz Limit: 2801
Processor Information for processor 1
  Max Mhz: 2801, Current Mhz: 2483, Mhz Limit: 2801
Processor Information for processor 2
  Max Mhz: 2801, Current Mhz: 2483, Mhz Limit: 2801
Processor Information for processor 3
  Max Mhz: 2801, Current Mhz: 2483, Mhz Limit: 2801
Processor Information for processor 4
  Max Mhz: 2801, Current Mhz: 2483, Mhz Limit: 2801
Processor Information for processor 5
  Max Mhz: 2801, Current Mhz: 1981, Mhz Limit: 2801
Processor Information for processor 6
  Max Mhz: 2801, Current Mhz: 2483, Mhz Limit: 2801
Processor Information for processor 7
  Max Mhz: 2801, Current Mhz: 1981, Mhz Limit: 2801

Memory: 4k page, system-wide physical 7413M (1692M free)
TotalPageFile size 29941M (AvailPageFile size 1M)
current process WorkingSet (physical memory assigned to process): 183M, peak: 183M
current process commit charge ("private bytes"): 217M, peak: 270M

vm_info: OpenJDK 64-Bit Server VM (22.0.2+9-FR) for windows-amd64 JRE (22.0.2+9-FR), built on 2024-07-09T01:10:09Z by "Administrator" with MS VC++ 16.10 / 16.11 (VS2019)

END.
