#
# There is insufficient memory for the Java Runtime Environment to continue.
# Native memory allocation (malloc) failed to allocate 1875696 bytes. Error detail: Chunk::new
# Possible reasons:
#   The system is out of physical RAM or swap space
#   This process is running with CompressedOops enabled, and the Java Heap may be blocking the growth of the native heap
# Possible solutions:
#   Reduce memory load on the system
#   Increase physical memory or swap space
#   Check if swap backing store is full
#   Decrease Java heap size (-Xmx/-Xms)
#   Decrease number of Java threads
#   Decrease Java thread stack sizes (-Xss)
#   Set larger code cache with -XX:ReservedCodeCacheSize=
#   JVM is running with Unscaled Compressed Oops mode in which the Java heap is
#     placed in the first 4GB address space. The Java Heap base address is the
#     maximum limit for the native heap growth. Please use -XX:HeapBaseMinAddress
#     to set the Java Heap base and to place the Java Heap above 4GB virtual address.
# This output file may be truncated or incomplete.
#
#  Out of Memory Error (arena.cpp:150), pid=31308, tid=27068
#
# JRE version: OpenJDK Runtime Environment Corretto-22.0.2.9.1 (22.0.2+9) (build 22.0.2+9-FR)
# Java VM: OpenJDK 64-Bit Server VM Corretto-22.0.2.9.1 (22.0.2+9-FR, mixed mode, sharing, tiered, compressed oops, compressed class ptrs, g1 gc, windows-amd64)
# No core dump will be written. Minidumps are not enabled by default on client versions of Windows
#

---------------  S U M M A R Y ------------

Command Line: -javaagent:C:\Program Files\JetBrains\IntelliJ IDEA Community Edition 2025.1.3\lib\idea_rt.jar=49691 -Dfile.encoding=UTF-8 -Dsun.stdout.encoding=UTF-8 -Dsun.stderr.encoding=UTF-8 com.aiProjectBuilder.aiProjectBuilder.AiProjectBuilderApplication

Host: AMD Ryzen 5 7520U with Radeon Graphics         , 8 cores, 7G,  Windows 11 , 64 bit Build 26100 (10.0.26100.8328)
Time: Mon May 18 14:58:43 2026 India Standard Time elapsed time: 9.030473 seconds (0d 0h 0m 9s)

---------------  T H R E A D  ---------------

Current thread (0x000001431b3b57e0):  JavaThread "C2 CompilerThread0" daemon [_thread_in_native, id=27068, stack(0x00000019cf000000,0x00000019cf100000) (1024K)]


Current CompileTask:
C2:9030 2025       4       java.lang.invoke.MethodType::makeImpl (109 bytes)

Stack: [0x00000019cf000000,0x00000019cf100000]
Native frames: (J=compiled Java code, j=interpreted, Vv=VM code, C=native code)
V  [jvm.dll+0x6f7bb9]  (no source info available)
V  [jvm.dll+0x8dc245]  (no source info available)
V  [jvm.dll+0x8de4ae]  (no source info available)
V  [jvm.dll+0x8deb93]  (no source info available)
V  [jvm.dll+0x28d336]  (no source info available)
V  [jvm.dll+0xc500f]  (no source info available)
V  [jvm.dll+0xc526b]  (no source info available)
V  [jvm.dll+0x3cbe51]  (no source info available)
V  [jvm.dll+0x39813d]  (no source info available)
V  [jvm.dll+0x3975aa]  (no source info available)
V  [jvm.dll+0x253fe0]  (no source info available)
V  [jvm.dll+0x2537f1]  (no source info available)
V  [jvm.dll+0x1cef4a]  (no source info available)
V  [jvm.dll+0x263335]  (no source info available)
V  [jvm.dll+0x2615fb]  (no source info available)
V  [jvm.dll+0x407456]  (no source info available)
V  [jvm.dll+0x883778]  (no source info available)
V  [jvm.dll+0x6f63c5]  (no source info available)
C  [ucrtbase.dll+0x37b0]  (no source info available)
C  [KERNEL32.DLL+0x2e957]  (no source info available)
C  [ntdll.dll+0x427c]  (no source info available)


---------------  P R O C E S S  ---------------

Threads class SMR info:
_java_thread_list=0x0000014361a9f560, length=14, elements={
0x000001437c9718e0, 0x000001431b38a680, 0x000001431b38be00, 0x000001431b38dd30,
0x000001431b38f8d0, 0x000001431b391050, 0x000001431b3947e0, 0x000001431b3b57e0,
0x000001431b3bebe0, 0x000001431b34efe0, 0x0000014361019490, 0x000001431b8b0320,
0x0000014361dc84d0, 0x00000143617fde50
}

Java Threads: ( => current thread )
  0x000001437c9718e0 JavaThread "main"                              [_thread_in_native, id=29504, stack(0x00000019ce200000,0x00000019ce300000) (1024K)]
  0x000001431b38a680 JavaThread "Reference Handler"          daemon [_thread_blocked, id=24360, stack(0x00000019cea00000,0x00000019ceb00000) (1024K)]
  0x000001431b38be00 JavaThread "Finalizer"                  daemon [_thread_blocked, id=19372, stack(0x00000019ceb00000,0x00000019cec00000) (1024K)]
  0x000001431b38dd30 JavaThread "Signal Dispatcher"          daemon [_thread_blocked, id=23692, stack(0x00000019cec00000,0x00000019ced00000) (1024K)]
  0x000001431b38f8d0 JavaThread "Attach Listener"            daemon [_thread_blocked, id=18540, stack(0x00000019ced00000,0x00000019cee00000) (1024K)]
  0x000001431b391050 JavaThread "Service Thread"             daemon [_thread_blocked, id=7976, stack(0x00000019cee00000,0x00000019cef00000) (1024K)]
  0x000001431b3947e0 JavaThread "Monitor Deflation Thread"   daemon [_thread_blocked, id=4060, stack(0x00000019cef00000,0x00000019cf000000) (1024K)]
=>0x000001431b3b57e0 JavaThread "C2 CompilerThread0"         daemon [_thread_in_native, id=27068, stack(0x00000019cf000000,0x00000019cf100000) (1024K)]
  0x000001431b3bebe0 JavaThread "C1 CompilerThread0"         daemon [_thread_blocked, id=16668, stack(0x00000019cf100000,0x00000019cf200000) (1024K)]
  0x000001431b34efe0 JavaThread "Common-Cleaner"             daemon [_thread_blocked, id=8512, stack(0x00000019cf200000,0x00000019cf300000) (1024K)]
  0x0000014361019490 JavaThread "Monitor Ctrl-Break"         daemon [_thread_in_native, id=31424, stack(0x00000019cf300000,0x00000019cf400000) (1024K)]
  0x000001431b8b0320 JavaThread "Notification Thread"        daemon [_thread_blocked, id=16292, stack(0x00000019cf400000,0x00000019cf500000) (1024K)]
  0x0000014361dc84d0 JavaThread "background-preinit"                [_thread_blocked, id=30848, stack(0x00000019cfd00000,0x00000019cfe00000) (1024K)]
  0x00000143617fde50 JavaThread "C2 CompilerThread1"         daemon [_thread_blocked, id=25484, stack(0x00000019cfc00000,0x00000019cfd00000) (1024K)]
Total: 14

Other Threads:
  0x000001431b36a650 VMThread "VM Thread"                           [id=20036, stack(0x00000019ce900000,0x00000019cea00000) (1024K)]
  0x000001431b34ded0 WatcherThread "VM Periodic Task Thread"        [id=29072, stack(0x00000019ce800000,0x00000019ce900000) (1024K)]
  0x000001437cdad1d0 WorkerThread "GC Thread#0"                     [id=30624, stack(0x00000019ce300000,0x00000019ce400000) (1024K)]
  0x00000143618083e0 WorkerThread "GC Thread#1"                     [id=4008, stack(0x00000019cf500000,0x00000019cf600000) (1024K)]
  0x0000014361c02d30 WorkerThread "GC Thread#2"                     [id=30452, stack(0x00000019cf600000,0x00000019cf700000) (1024K)]
  0x0000014361c13c40 WorkerThread "GC Thread#3"                     [id=13404, stack(0x00000019cf700000,0x00000019cf800000) (1024K)]
  0x0000014361c14c00 WorkerThread "GC Thread#4"                     [id=30200, stack(0x00000019cf800000,0x00000019cf900000) (1024K)]
  0x0000014361c16fc0 WorkerThread "GC Thread#5"                     [id=31364, stack(0x00000019cf900000,0x00000019cfa00000) (1024K)]
  0x0000014361c17370 WorkerThread "GC Thread#6"                     [id=29268, stack(0x00000019cfa00000,0x00000019cfb00000) (1024K)]
  0x0000014361c18330 WorkerThread "GC Thread#7"                     [id=17952, stack(0x00000019cfb00000,0x00000019cfc00000) (1024K)]
  0x000001437cdbd4f0 ConcurrentGCThread "G1 Main Marker"            [id=17768, stack(0x00000019ce400000,0x00000019ce500000) (1024K)]
  0x000001437cdbf560 WorkerThread "G1 Conc#0"                       [id=5544, stack(0x00000019ce500000,0x00000019ce600000) (1024K)]
  0x000001437ce0e930 ConcurrentGCThread "G1 Refine#0"               [id=9620, stack(0x00000019ce600000,0x00000019ce700000) (1024K)]
  0x000001431b21d9f0 ConcurrentGCThread "G1 Service"                [id=7908, stack(0x00000019ce700000,0x00000019ce800000) (1024K)]
Total: 14

Threads with active compile tasks:
C2 CompilerThread0  9334 2025       4       java.lang.invoke.MethodType::makeImpl (109 bytes)
Total: 1

VM state: not at safepoint (normal execution)

VM Mutex/Monitor currently owned by a thread: None

Heap address: 0x000000008c200000, size: 1854 MB, Compressed Oops mode: 32-bit

CDS archive(s) mapped at: [0x000001431c000000-0x000001431cc60000-0x000001431cc60000), size 12976128, SharedBaseAddress: 0x000001431c000000, ArchiveRelocationMode: 1.
Compressed class space mapped at: 0x000001431d000000-0x000001435d000000, reserved size: 1073741824
Narrow klass base: 0x000001431c000000, Narrow klass shift: 0, Narrow klass range: 0x41000000

GC Precious Log:
 CardTable entry size: 512
 Card Set container configuration: InlinePtr #cards 5 size 8 Array Of Cards #cards 12 size 40 Howl #buckets 4 coarsen threshold 1843 Howl Bitmap #cards 512 size 80 coarsen threshold 460 Card regions per heap region 1 cards per card region 2048
 CPUs: 8 total, 8 available
 Memory: 7413M
 Large Page Support: Disabled
 NUMA Support: Disabled
 Compressed Oops: Enabled (32-bit)
 Heap Region Size: 1M
 Heap Min Capacity: 8M
 Heap Initial Capacity: 116M
 Heap Max Capacity: 1854M
 Pre-touch: Disabled
 Parallel Workers: 8
 Concurrent Workers: 2
 Concurrent Refinement Workers: 8
 Periodic GC: Disabled

Heap:
 garbage-first heap   total reserved 1898496K, committed 118784K, used 11296K [0x000000008c200000, 0x0000000100000000)
  region size 1024K, 5 young (5120K), 3 survivors (3072K)
 Metaspace       used 14927K, committed 15296K, reserved 1114112K
  class space    used 1894K, committed 2048K, reserved 1048576K

Heap Regions: E=young(eden), S=young(survivor), O=old, HS=humongous(starts), HC=humongous(continues), CS=collection set, F=free, TAMS=top-at-mark-start, PB=parsable bottom
|   0|0x000000008c200000, 0x000000008c300000, 0x000000008c300000|100%|HS|  |TAMS 0x000000008c200000| PB 0x000000008c200000| Complete |  0
|   1|0x000000008c300000, 0x000000008c400000, 0x000000008c400000|100%| O|  |TAMS 0x000000008c300000| PB 0x000000008c300000| Untracked |  0
|   2|0x000000008c400000, 0x000000008c500000, 0x000000008c500000|100%| O|  |TAMS 0x000000008c400000| PB 0x000000008c400000| Untracked |  0
|   3|0x000000008c500000, 0x000000008c600000, 0x000000008c600000|100%| O|  |TAMS 0x000000008c500000| PB 0x000000008c500000| Untracked |  0
|   4|0x000000008c600000, 0x000000008c700000, 0x000000008c700000|100%| O|  |TAMS 0x000000008c600000| PB 0x000000008c600000| Untracked |  0
|   5|0x000000008c700000, 0x000000008c800000, 0x000000008c800000|100%| O|  |TAMS 0x000000008c700000| PB 0x000000008c700000| Untracked |  0
|   6|0x000000008c800000, 0x000000008c900000, 0x000000008c900000|100%| O|  |TAMS 0x000000008c800000| PB 0x000000008c800000| Untracked |  0
|   7|0x000000008c900000, 0x000000008c92c3a8, 0x000000008ca00000| 17%| O|  |TAMS 0x000000008c900000| PB 0x000000008c900000| Untracked |  0
|   8|0x000000008ca00000, 0x000000008ca00000, 0x000000008cb00000|  0%| F|  |TAMS 0x000000008ca00000| PB 0x000000008ca00000| Untracked |  0
|   9|0x000000008cb00000, 0x000000008cb00000, 0x000000008cc00000|  0%| F|  |TAMS 0x000000008cb00000| PB 0x000000008cb00000| Untracked |  0
|  10|0x000000008cc00000, 0x000000008cc00000, 0x000000008cd00000|  0%| F|  |TAMS 0x000000008cc00000| PB 0x000000008cc00000| Untracked |  0
|  11|0x000000008cd00000, 0x000000008cd00000, 0x000000008ce00000|  0%| F|  |TAMS 0x000000008cd00000| PB 0x000000008cd00000| Untracked |  0
|  12|0x000000008ce00000, 0x000000008ce00000, 0x000000008cf00000|  0%| F|  |TAMS 0x000000008ce00000| PB 0x000000008ce00000| Untracked |  0
|  13|0x000000008cf00000, 0x000000008cf00000, 0x000000008d000000|  0%| F|  |TAMS 0x000000008cf00000| PB 0x000000008cf00000| Untracked |  0
|  14|0x000000008d000000, 0x000000008d000000, 0x000000008d100000|  0%| F|  |TAMS 0x000000008d000000| PB 0x000000008d000000| Untracked |  0
|  15|0x000000008d100000, 0x000000008d100000, 0x000000008d200000|  0%| F|  |TAMS 0x000000008d100000| PB 0x000000008d100000| Untracked |  0
|  16|0x000000008d200000, 0x000000008d200000, 0x000000008d300000|  0%| F|  |TAMS 0x000000008d200000| PB 0x000000008d200000| Untracked |  0
|  17|0x000000008d300000, 0x000000008d300000, 0x000000008d400000|  0%| F|  |TAMS 0x000000008d300000| PB 0x000000008d300000| Untracked |  0
|  18|0x000000008d400000, 0x000000008d400000, 0x000000008d500000|  0%| F|  |TAMS 0x000000008d400000| PB 0x000000008d400000| Untracked |  0
|  19|0x000000008d500000, 0x000000008d500000, 0x000000008d600000|  0%| F|  |TAMS 0x000000008d500000| PB 0x000000008d500000| Untracked |  0
|  20|0x000000008d600000, 0x000000008d600000, 0x000000008d700000|  0%| F|  |TAMS 0x000000008d600000| PB 0x000000008d600000| Untracked |  0
|  21|0x000000008d700000, 0x000000008d700000, 0x000000008d800000|  0%| F|  |TAMS 0x000000008d700000| PB 0x000000008d700000| Untracked |  0
|  22|0x000000008d800000, 0x000000008d800000, 0x000000008d900000|  0%| F|  |TAMS 0x000000008d800000| PB 0x000000008d800000| Untracked |  0
|  23|0x000000008d900000, 0x000000008d900000, 0x000000008da00000|  0%| F|  |TAMS 0x000000008d900000| PB 0x000000008d900000| Untracked |  0
|  24|0x000000008da00000, 0x000000008da00000, 0x000000008db00000|  0%| F|  |TAMS 0x000000008da00000| PB 0x000000008da00000| Untracked |  0
|  25|0x000000008db00000, 0x000000008db00000, 0x000000008dc00000|  0%| F|  |TAMS 0x000000008db00000| PB 0x000000008db00000| Untracked |  0
|  26|0x000000008dc00000, 0x000000008dc00000, 0x000000008dd00000|  0%| F|  |TAMS 0x000000008dc00000| PB 0x000000008dc00000| Untracked |  0
|  27|0x000000008dd00000, 0x000000008dd00000, 0x000000008de00000|  0%| F|  |TAMS 0x000000008dd00000| PB 0x000000008dd00000| Untracked |  0
|  28|0x000000008de00000, 0x000000008de00000, 0x000000008df00000|  0%| F|  |TAMS 0x000000008de00000| PB 0x000000008de00000| Untracked |  0
|  29|0x000000008df00000, 0x000000008df00000, 0x000000008e000000|  0%| F|  |TAMS 0x000000008df00000| PB 0x000000008df00000| Untracked |  0
|  30|0x000000008e000000, 0x000000008e000000, 0x000000008e100000|  0%| F|  |TAMS 0x000000008e000000| PB 0x000000008e000000| Untracked |  0
|  31|0x000000008e100000, 0x000000008e100000, 0x000000008e200000|  0%| F|  |TAMS 0x000000008e100000| PB 0x000000008e100000| Untracked |  0
|  32|0x000000008e200000, 0x000000008e200000, 0x000000008e300000|  0%| F|  |TAMS 0x000000008e200000| PB 0x000000008e200000| Untracked |  0
|  33|0x000000008e300000, 0x000000008e300000, 0x000000008e400000|  0%| F|  |TAMS 0x000000008e300000| PB 0x000000008e300000| Untracked |  0
|  34|0x000000008e400000, 0x000000008e400000, 0x000000008e500000|  0%| F|  |TAMS 0x000000008e400000| PB 0x000000008e400000| Untracked |  0
|  35|0x000000008e500000, 0x000000008e500000, 0x000000008e600000|  0%| F|  |TAMS 0x000000008e500000| PB 0x000000008e500000| Untracked |  0
|  36|0x000000008e600000, 0x000000008e600000, 0x000000008e700000|  0%| F|  |TAMS 0x000000008e600000| PB 0x000000008e600000| Untracked |  0
|  37|0x000000008e700000, 0x000000008e700000, 0x000000008e800000|  0%| F|  |TAMS 0x000000008e700000| PB 0x000000008e700000| Untracked |  0
|  38|0x000000008e800000, 0x000000008e800000, 0x000000008e900000|  0%| F|  |TAMS 0x000000008e800000| PB 0x000000008e800000| Untracked |  0
|  39|0x000000008e900000, 0x000000008e900000, 0x000000008ea00000|  0%| F|  |TAMS 0x000000008e900000| PB 0x000000008e900000| Untracked |  0
|  40|0x000000008ea00000, 0x000000008ea00000, 0x000000008eb00000|  0%| F|  |TAMS 0x000000008ea00000| PB 0x000000008ea00000| Untracked |  0
|  41|0x000000008eb00000, 0x000000008eb00000, 0x000000008ec00000|  0%| F|  |TAMS 0x000000008eb00000| PB 0x000000008eb00000| Untracked |  0
|  42|0x000000008ec00000, 0x000000008ec00000, 0x000000008ed00000|  0%| F|  |TAMS 0x000000008ec00000| PB 0x000000008ec00000| Untracked |  0
|  43|0x000000008ed00000, 0x000000008ed00000, 0x000000008ee00000|  0%| F|  |TAMS 0x000000008ed00000| PB 0x000000008ed00000| Untracked |  0
|  44|0x000000008ee00000, 0x000000008ee00000, 0x000000008ef00000|  0%| F|  |TAMS 0x000000008ee00000| PB 0x000000008ee00000| Untracked |  0
|  45|0x000000008ef00000, 0x000000008ef00000, 0x000000008f000000|  0%| F|  |TAMS 0x000000008ef00000| PB 0x000000008ef00000| Untracked |  0
|  46|0x000000008f000000, 0x000000008f000000, 0x000000008f100000|  0%| F|  |TAMS 0x000000008f000000| PB 0x000000008f000000| Untracked |  0
|  47|0x000000008f100000, 0x000000008f100000, 0x000000008f200000|  0%| F|  |TAMS 0x000000008f100000| PB 0x000000008f100000| Untracked |  0
|  48|0x000000008f200000, 0x000000008f200000, 0x000000008f300000|  0%| F|  |TAMS 0x000000008f200000| PB 0x000000008f200000| Untracked |  0
|  49|0x000000008f300000, 0x000000008f300000, 0x000000008f400000|  0%| F|  |TAMS 0x000000008f300000| PB 0x000000008f300000| Untracked |  0
|  50|0x000000008f400000, 0x000000008f400000, 0x000000008f500000|  0%| F|  |TAMS 0x000000008f400000| PB 0x000000008f400000| Untracked |  0
|  51|0x000000008f500000, 0x000000008f500000, 0x000000008f600000|  0%| F|  |TAMS 0x000000008f500000| PB 0x000000008f500000| Untracked |  0
|  52|0x000000008f600000, 0x000000008f600000, 0x000000008f700000|  0%| F|  |TAMS 0x000000008f600000| PB 0x000000008f600000| Untracked |  0
|  53|0x000000008f700000, 0x000000008f700000, 0x000000008f800000|  0%| F|  |TAMS 0x000000008f700000| PB 0x000000008f700000| Untracked |  0
|  54|0x000000008f800000, 0x000000008f800000, 0x000000008f900000|  0%| F|  |TAMS 0x000000008f800000| PB 0x000000008f800000| Untracked |  0
|  55|0x000000008f900000, 0x000000008f900000, 0x000000008fa00000|  0%| F|  |TAMS 0x000000008f900000| PB 0x000000008f900000| Untracked |  0
|  56|0x000000008fa00000, 0x000000008fa00000, 0x000000008fb00000|  0%| F|  |TAMS 0x000000008fa00000| PB 0x000000008fa00000| Untracked |  0
|  57|0x000000008fb00000, 0x000000008fb00000, 0x000000008fc00000|  0%| F|  |TAMS 0x000000008fb00000| PB 0x000000008fb00000| Untracked |  0
|  58|0x000000008fc00000, 0x000000008fc00000, 0x000000008fd00000|  0%| F|  |TAMS 0x000000008fc00000| PB 0x000000008fc00000| Untracked |  0
|  59|0x000000008fd00000, 0x000000008fd00000, 0x000000008fe00000|  0%| F|  |TAMS 0x000000008fd00000| PB 0x000000008fd00000| Untracked |  0
|  60|0x000000008fe00000, 0x000000008fe00000, 0x000000008ff00000|  0%| F|  |TAMS 0x000000008fe00000| PB 0x000000008fe00000| Untracked |  0
|  61|0x000000008ff00000, 0x000000008ff00000, 0x0000000090000000|  0%| F|  |TAMS 0x000000008ff00000| PB 0x000000008ff00000| Untracked |  0
|  62|0x0000000090000000, 0x0000000090000000, 0x0000000090100000|  0%| F|  |TAMS 0x0000000090000000| PB 0x0000000090000000| Untracked |  0
|  63|0x0000000090100000, 0x0000000090100000, 0x0000000090200000|  0%| F|  |TAMS 0x0000000090100000| PB 0x0000000090100000| Untracked |  0
|  64|0x0000000090200000, 0x0000000090200000, 0x0000000090300000|  0%| F|  |TAMS 0x0000000090200000| PB 0x0000000090200000| Untracked |  0
|  65|0x0000000090300000, 0x0000000090300000, 0x0000000090400000|  0%| F|  |TAMS 0x0000000090300000| PB 0x0000000090300000| Untracked |  0
|  66|0x0000000090400000, 0x0000000090400000, 0x0000000090500000|  0%| F|  |TAMS 0x0000000090400000| PB 0x0000000090400000| Untracked |  0
|  67|0x0000000090500000, 0x0000000090500000, 0x0000000090600000|  0%| F|  |TAMS 0x0000000090500000| PB 0x0000000090500000| Untracked |  0
|  68|0x0000000090600000, 0x0000000090600000, 0x0000000090700000|  0%| F|  |TAMS 0x0000000090600000| PB 0x0000000090600000| Untracked |  0
|  69|0x0000000090700000, 0x0000000090700000, 0x0000000090800000|  0%| F|  |TAMS 0x0000000090700000| PB 0x0000000090700000| Untracked |  0
|  70|0x0000000090800000, 0x0000000090800000, 0x0000000090900000|  0%| F|  |TAMS 0x0000000090800000| PB 0x0000000090800000| Untracked |  0
|  71|0x0000000090900000, 0x0000000090900000, 0x0000000090a00000|  0%| F|  |TAMS 0x0000000090900000| PB 0x0000000090900000| Untracked |  0
|  72|0x0000000090a00000, 0x0000000090a00000, 0x0000000090b00000|  0%| F|  |TAMS 0x0000000090a00000| PB 0x0000000090a00000| Untracked |  0
|  73|0x0000000090b00000, 0x0000000090b00000, 0x0000000090c00000|  0%| F|  |TAMS 0x0000000090b00000| PB 0x0000000090b00000| Untracked |  0
|  74|0x0000000090c00000, 0x0000000090c00000, 0x0000000090d00000|  0%| F|  |TAMS 0x0000000090c00000| PB 0x0000000090c00000| Untracked |  0
|  75|0x0000000090d00000, 0x0000000090d00000, 0x0000000090e00000|  0%| F|  |TAMS 0x0000000090d00000| PB 0x0000000090d00000| Untracked |  0
|  76|0x0000000090e00000, 0x0000000090e00000, 0x0000000090f00000|  0%| F|  |TAMS 0x0000000090e00000| PB 0x0000000090e00000| Untracked |  0
|  77|0x0000000090f00000, 0x0000000090f00000, 0x0000000091000000|  0%| F|  |TAMS 0x0000000090f00000| PB 0x0000000090f00000| Untracked |  0
|  78|0x0000000091000000, 0x0000000091000000, 0x0000000091100000|  0%| F|  |TAMS 0x0000000091000000| PB 0x0000000091000000| Untracked |  0
|  79|0x0000000091100000, 0x0000000091100000, 0x0000000091200000|  0%| F|  |TAMS 0x0000000091100000| PB 0x0000000091100000| Untracked |  0
|  80|0x0000000091200000, 0x0000000091200000, 0x0000000091300000|  0%| F|  |TAMS 0x0000000091200000| PB 0x0000000091200000| Untracked |  0
|  81|0x0000000091300000, 0x0000000091300000, 0x0000000091400000|  0%| F|  |TAMS 0x0000000091300000| PB 0x0000000091300000| Untracked |  0
|  82|0x0000000091400000, 0x00000000914dbd98, 0x0000000091500000| 85%| S|CS|TAMS 0x0000000091400000| PB 0x0000000091400000| Complete |  0
|  83|0x0000000091500000, 0x0000000091600000, 0x0000000091600000|100%| S|CS|TAMS 0x0000000091500000| PB 0x0000000091500000| Complete |  0
|  84|0x0000000091600000, 0x0000000091700000, 0x0000000091700000|100%| S|CS|TAMS 0x0000000091600000| PB 0x0000000091600000| Complete |  0
|  85|0x0000000091700000, 0x0000000091700000, 0x0000000091800000|  0%| F|  |TAMS 0x0000000091700000| PB 0x0000000091700000| Untracked |  0
|  86|0x0000000091800000, 0x0000000091800000, 0x0000000091900000|  0%| F|  |TAMS 0x0000000091800000| PB 0x0000000091800000| Untracked |  0
|  87|0x0000000091900000, 0x0000000091900000, 0x0000000091a00000|  0%| F|  |TAMS 0x0000000091900000| PB 0x0000000091900000| Untracked |  0
|  88|0x0000000091a00000, 0x0000000091a00000, 0x0000000091b00000|  0%| F|  |TAMS 0x0000000091a00000| PB 0x0000000091a00000| Untracked |  0
|  89|0x0000000091b00000, 0x0000000091b00000, 0x0000000091c00000|  0%| F|  |TAMS 0x0000000091b00000| PB 0x0000000091b00000| Untracked |  0
|  90|0x0000000091c00000, 0x0000000091c00000, 0x0000000091d00000|  0%| F|  |TAMS 0x0000000091c00000| PB 0x0000000091c00000| Untracked |  0
|  91|0x0000000091d00000, 0x0000000091d00000, 0x0000000091e00000|  0%| F|  |TAMS 0x0000000091d00000| PB 0x0000000091d00000| Untracked |  0
|  92|0x0000000091e00000, 0x0000000091e00000, 0x0000000091f00000|  0%| F|  |TAMS 0x0000000091e00000| PB 0x0000000091e00000| Untracked |  0
|  93|0x0000000091f00000, 0x0000000091f00000, 0x0000000092000000|  0%| F|  |TAMS 0x0000000091f00000| PB 0x0000000091f00000| Untracked |  0
|  94|0x0000000092000000, 0x0000000092000000, 0x0000000092100000|  0%| F|  |TAMS 0x0000000092000000| PB 0x0000000092000000| Untracked |  0
|  95|0x0000000092100000, 0x0000000092100000, 0x0000000092200000|  0%| F|  |TAMS 0x0000000092100000| PB 0x0000000092100000| Untracked |  0
|  96|0x0000000092200000, 0x0000000092200000, 0x0000000092300000|  0%| F|  |TAMS 0x0000000092200000| PB 0x0000000092200000| Untracked |  0
|  97|0x0000000092300000, 0x0000000092300000, 0x0000000092400000|  0%| F|  |TAMS 0x0000000092300000| PB 0x0000000092300000| Untracked |  0
|  98|0x0000000092400000, 0x0000000092400000, 0x0000000092500000|  0%| F|  |TAMS 0x0000000092400000| PB 0x0000000092400000| Untracked |  0
|  99|0x0000000092500000, 0x0000000092500000, 0x0000000092600000|  0%| F|  |TAMS 0x0000000092500000| PB 0x0000000092500000| Untracked |  0
| 100|0x0000000092600000, 0x0000000092600000, 0x0000000092700000|  0%| F|  |TAMS 0x0000000092600000| PB 0x0000000092600000| Untracked |  0
| 101|0x0000000092700000, 0x0000000092700000, 0x0000000092800000|  0%| F|  |TAMS 0x0000000092700000| PB 0x0000000092700000| Untracked |  0
| 102|0x0000000092800000, 0x0000000092800000, 0x0000000092900000|  0%| F|  |TAMS 0x0000000092800000| PB 0x0000000092800000| Untracked |  0
| 103|0x0000000092900000, 0x0000000092900000, 0x0000000092a00000|  0%| F|  |TAMS 0x0000000092900000| PB 0x0000000092900000| Untracked |  0
| 104|0x0000000092a00000, 0x0000000092a00000, 0x0000000092b00000|  0%| F|  |TAMS 0x0000000092a00000| PB 0x0000000092a00000| Untracked |  0
| 105|0x0000000092b00000, 0x0000000092b00000, 0x0000000092c00000|  0%| F|  |TAMS 0x0000000092b00000| PB 0x0000000092b00000| Untracked |  0
| 106|0x0000000092c00000, 0x0000000092c00000, 0x0000000092d00000|  0%| F|  |TAMS 0x0000000092c00000| PB 0x0000000092c00000| Untracked |  0
| 107|0x0000000092d00000, 0x0000000092d00000, 0x0000000092e00000|  0%| F|  |TAMS 0x0000000092d00000| PB 0x0000000092d00000| Untracked |  0
| 108|0x0000000092e00000, 0x0000000092e00000, 0x0000000092f00000|  0%| F|  |TAMS 0x0000000092e00000| PB 0x0000000092e00000| Untracked |  0
| 109|0x0000000092f00000, 0x0000000092f00000, 0x0000000093000000|  0%| F|  |TAMS 0x0000000092f00000| PB 0x0000000092f00000| Untracked |  0
| 110|0x0000000093000000, 0x0000000093000000, 0x0000000093100000|  0%| F|  |TAMS 0x0000000093000000| PB 0x0000000093000000| Untracked |  0
| 111|0x0000000093100000, 0x0000000093100000, 0x0000000093200000|  0%| F|  |TAMS 0x0000000093100000| PB 0x0000000093100000| Untracked |  0
| 112|0x0000000093200000, 0x0000000093200000, 0x0000000093300000|  0%| F|  |TAMS 0x0000000093200000| PB 0x0000000093200000| Untracked |  0
| 113|0x0000000093300000, 0x0000000093300000, 0x0000000093400000|  0%| F|  |TAMS 0x0000000093300000| PB 0x0000000093300000| Untracked |  0
| 114|0x0000000093400000, 0x00000000934230c0, 0x0000000093500000| 13%| E|  |TAMS 0x0000000093400000| PB 0x0000000093400000| Complete |  0
| 115|0x0000000093500000, 0x0000000093600000, 0x0000000093600000|100%| E|CS|TAMS 0x0000000093500000| PB 0x0000000093500000| Complete |  0

Card table byte_map: [0x000001437f230000,0x000001437f5d0000] _byte_map_base: 0x000001437edcf000

Marking Bits: (CMBitMap*) 0x000001437cdad690
 Bits: [0x00000143174d0000, 0x00000143191c8000)

Polling page: 0x000001437cae0000

Metaspace:

Usage:
  Non-class:     12.74 MB used.
      Class:      1.85 MB used.
       Both:     14.59 MB used.

Virtual space:
  Non-class space:       64.00 MB reserved,      12.94 MB ( 20%) committed,  1 nodes.
      Class space:        1.00 GB reserved,       2.06 MB ( <1%) committed,  1 nodes.
             Both:        1.06 GB reserved,      15.00 MB (  1%) committed. 

Chunk freelists:
   Non-Class:  2.20 MB
       Class:  13.92 MB
        Both:  16.12 MB

MaxMetaspaceSize: unlimited
CompressedClassSpaceSize: 1.00 GB
Initial GC threshold: 21.00 MB
Current GC threshold: 21.00 MB
CDS: on
 - commit_granule_bytes: 65536.
 - commit_granule_words: 8192.
 - virtual_space_node_default_size: 8388608.
 - enlarge_chunks_in_place: 1.
 - use_allocation_guard: 0.


Internal statistics:

num_allocs_failed_limit: 0.
num_arena_births: 464.
num_arena_deaths: 0.
num_vsnodes_births: 2.
num_vsnodes_deaths: 0.
num_space_committed: 240.
num_space_uncommitted: 0.
num_chunks_returned_to_freelist: 0.
num_chunks_taken_from_freelist: 993.
num_chunk_merges: 0.
num_chunk_splits: 633.
num_chunks_enlarged: 415.
num_inconsistent_stats: 0.

CodeHeap 'non-profiled nmethods': size=120000Kb used=834Kb max_used=834Kb free=119165Kb
 bounds [0x000001430ffa0000, 0x0000014310210000, 0x00000143174d0000]
CodeHeap 'profiled nmethods': size=120000Kb used=4282Kb max_used=4282Kb free=115717Kb
 bounds [0x00000143084d0000, 0x0000014308900000, 0x000001430fa00000]
CodeHeap 'non-nmethods': size=5760Kb used=1445Kb max_used=1462Kb free=4315Kb
 bounds [0x000001430fa00000, 0x000001430fc70000, 0x000001430ffa0000]
 total_blobs=2790 nmethods=2264 adapters=430
 compilation: enabled
              stopped_count=0, restarted_count=0
 full_count=0

Compilation events (20 events):
Event: 7.995 Thread 0x00000143617fde50 2181       4       jdk.internal.org.objectweb.asm.Frame::push (109 bytes)
Event: 7.996 Thread 0x000001431b3bebe0 2205       3       jdk.internal.org.objectweb.asm.MethodWriter::addSuccessorToCurrentBasicBlock (24 bytes)
Event: 7.996 Thread 0x000001431b3bebe0 nmethod 2205 0x00000143088e4790 code [0x00000143088e4940, 0x00000143088e4c90]
Event: 7.999 Thread 0x00000143617fde50 nmethod 2181 0x000001431006c510 code [0x000001431006c6a0, 0x000001431006c970]
Event: 8.000 Thread 0x00000143617fde50 2206       4       java.nio.HeapByteBuffer::ix (7 bytes)
Event: 8.000 Thread 0x00000143617fde50 nmethod 2206 0x000001431006cb10 code [0x000001431006cc80, 0x000001431006cd10]
Event: 8.003 Thread 0x000001431b3bebe0 2207       3       jdk.internal.org.objectweb.asm.MethodWriter::putFrame (549 bytes)
Event: 8.005 Thread 0x000001431b3bebe0 nmethod 2207 0x00000143088e4e10 code [0x00000143088e52a0, 0x00000143088e6d00]
Event: 8.005 Thread 0x000001431b3bebe0 2209       3       java.lang.reflect.Proxy$ProxyBuilder::addElementTypes (33 bytes)
Event: 8.006 Thread 0x000001431b3bebe0 nmethod 2209 0x00000143088e7910 code [0x00000143088e7b20, 0x00000143088e81c8]
Event: 8.006 Thread 0x000001431b3bebe0 2208       3       java.lang.invoke.LambdaForm$MH/0x000001431d001800::invoke (25 bytes)
Event: 8.007 Thread 0x000001431b3bebe0 nmethod 2208 0x00000143088e8490 code [0x00000143088e8640, 0x00000143088e8b48]
Event: 8.007 Thread 0x000001431b3bebe0 2210       3       java.lang.Class::privateGetDeclaredMethods (64 bytes)
Event: 8.008 Thread 0x000001431b3bebe0 nmethod 2210 0x00000143088e8c90 code [0x00000143088e8ec0, 0x00000143088e9638]
Event: 8.008 Thread 0x000001431b3bebe0 2213       3       java.lang.Class::enumConstantDirectory (107 bytes)
Event: 8.009 Thread 0x000001431b3bebe0 nmethod 2213 0x00000143088e9890 code [0x00000143088e9b20, 0x00000143088ea5f8]
Event: 8.009 Thread 0x000001431b3bebe0 2211       3       java.lang.Class::getInterfaces (6 bytes)
Event: 8.009 Thread 0x000001431b3bebe0 nmethod 2211 0x00000143088eaa10 code [0x00000143088eabc0, 0x00000143088ead00]
Event: 8.009 Thread 0x000001431b3bebe0 2212       3       java.lang.Enum::valueOf (73 bytes)
Event: 8.010 Thread 0x000001431b3bebe0 nmethod 2212 0x00000143088ead90 code [0x00000143088eb040, 0x00000143088ebb10]

GC Heap History (2 events):
Event: 4.793 GC heap before
{Heap before GC invocations=0 (full 0):
 garbage-first heap   total reserved 1898496K, committed 118784K, used 24576K [0x000000008c200000, 0x0000000100000000)
  region size 1024K, 24 young (24576K), 0 survivors (0K)
 Metaspace       used 7171K, committed 7424K, reserved 1114112K
  class space    used 853K, committed 960K, reserved 1048576K
}
Event: 4.828 GC heap after
{Heap after GC invocations=1 (full 0):
 garbage-first heap   total reserved 1898496K, committed 118784K, used 7296K [0x000000008c200000, 0x0000000100000000)
  region size 1024K, 3 young (3072K), 3 survivors (3072K)
 Metaspace       used 7171K, committed 7424K, reserved 1114112K
  class space    used 853K, committed 960K, reserved 1048576K
}

Dll operation events (10 events):
Event: 0.039 Loaded shared library C:\Users\Parul\.jdks\corretto-22.0.2\bin\java.dll
Event: 0.205 Loaded shared library C:\Users\Parul\.jdks\corretto-22.0.2\bin\jsvml.dll
Event: 0.764 Loaded shared library C:\Users\Parul\.jdks\corretto-22.0.2\bin\zip.dll
Event: 0.774 Loaded shared library C:\Users\Parul\.jdks\corretto-22.0.2\bin\instrument.dll
Event: 0.789 Loaded shared library C:\Users\Parul\.jdks\corretto-22.0.2\bin\net.dll
Event: 0.797 Loaded shared library C:\Users\Parul\.jdks\corretto-22.0.2\bin\nio.dll
Event: 0.807 Loaded shared library C:\Users\Parul\.jdks\corretto-22.0.2\bin\zip.dll
Event: 1.449 Loaded shared library C:\Users\Parul\.jdks\corretto-22.0.2\bin\extnet.dll
Event: 1.606 Loaded shared library C:\Users\Parul\.jdks\corretto-22.0.2\bin\jimage.dll
Event: 6.370 Loaded shared library C:\Users\Parul\.jdks\corretto-22.0.2\bin\le.dll

Deoptimization events (20 events):
Event: 7.064 Thread 0x000001437c9718e0 Uncommon trap: trap_request=0xffffffde fr.pc=0x000001431003bd88 relative=0x00000000000001c8
Event: 7.064 Thread 0x000001437c9718e0 Uncommon trap: reason=class_check action=maybe_recompile pc=0x000001431003bd88 method=java.nio.Buffer.<init>(IIIILjava/lang/foreign/MemorySegment;)V @ 39 c2
Event: 7.065 Thread 0x000001437c9718e0 DEOPT PACKING pc=0x000001431003bd88 sp=0x00000019ce2fd7d0
Event: 7.065 Thread 0x000001437c9718e0 DEOPT UNPACKING pc=0x000001430fa546a2 sp=0x00000019ce2fd7a8 mode 2
Event: 7.126 Thread 0x000001437c9718e0 Uncommon trap: trap_request=0xffffff45 fr.pc=0x000001431004f118 relative=0x0000000000001f58
Event: 7.126 Thread 0x000001437c9718e0 Uncommon trap: reason=unstable_if action=reinterpret pc=0x000001431004f118 method=jdk.internal.org.objectweb.asm.Frame.execute(IILjdk/internal/org/objectweb/asm/Symbol;Ljdk/internal/org/objectweb/asm/SymbolTable;)V @ 1 c2
Event: 7.126 Thread 0x000001437c9718e0 DEOPT PACKING pc=0x000001431004f118 sp=0x00000019ce2fcab0
Event: 7.126 Thread 0x000001437c9718e0 DEOPT UNPACKING pc=0x000001430fa546a2 sp=0x00000019ce2fca38 mode 2
Event: 7.283 Thread 0x0000014361dc84d0 Uncommon trap: trap_request=0xffffff45 fr.pc=0x00000143100021fc relative=0x0000000000000afc
Event: 7.283 Thread 0x0000014361dc84d0 Uncommon trap: reason=unstable_if action=reinterpret pc=0x00000143100021fc method=java.util.concurrent.ConcurrentHashMap.addCount(JI)V @ 34 c2
Event: 7.283 Thread 0x0000014361dc84d0 DEOPT PACKING pc=0x00000143100021fc sp=0x00000019cfdfaec0
Event: 7.283 Thread 0x0000014361dc84d0 DEOPT UNPACKING pc=0x000001430fa546a2 sp=0x00000019cfdfad80 mode 2
Event: 7.907 Thread 0x0000014361dc84d0 Uncommon trap: trap_request=0xffffff45 fr.pc=0x0000014310000a54 relative=0x0000000000000054
Event: 7.907 Thread 0x0000014361dc84d0 Uncommon trap: reason=unstable_if action=reinterpret pc=0x0000014310000a54 method=java.lang.CharacterData.of(I)Ljava/lang/CharacterData; @ 4 c2
Event: 7.907 Thread 0x0000014361dc84d0 DEOPT PACKING pc=0x0000014310000a54 sp=0x00000019cfdfd240
Event: 7.907 Thread 0x0000014361dc84d0 DEOPT UNPACKING pc=0x000001430fa546a2 sp=0x00000019cfdfd1d8 mode 2
Event: 7.928 Thread 0x000001437c9718e0 Uncommon trap: trap_request=0xffffff45 fr.pc=0x000001430fffc1a8 relative=0x0000000000000308
Event: 7.928 Thread 0x000001437c9718e0 Uncommon trap: reason=unstable_if action=reinterpret pc=0x000001430fffc1a8 method=jdk.internal.org.objectweb.asm.SymbolTable.put(Ljdk/internal/org/objectweb/asm/SymbolTable$Entry;)Ljdk/internal/org/objectweb/asm/SymbolTable$Entry; @ 13 c2
Event: 7.928 Thread 0x000001437c9718e0 DEOPT PACKING pc=0x000001430fffc1a8 sp=0x00000019ce2fd4e0
Event: 7.928 Thread 0x000001437c9718e0 DEOPT UNPACKING pc=0x000001430fa546a2 sp=0x00000019ce2fd460 mode 2

Classes loaded (20 events):
Event: 7.747 Loading class org/xml/sax/ErrorHandler
Event: 7.750 Loading class org/xml/sax/ErrorHandler done
Event: 7.751 Loading class org/xml/sax/EntityResolver
Event: 7.751 Loading class org/xml/sax/EntityResolver done
Event: 7.754 Loading class org/xml/sax/SAXParseException
Event: 7.754 Loading class org/xml/sax/SAXException
Event: 7.755 Loading class org/xml/sax/SAXException done
Event: 7.755 Loading class org/xml/sax/SAXParseException done
Event: 7.755 Loading class javax/xml/parsers/ParserConfigurationException
Event: 7.756 Loading class javax/xml/parsers/ParserConfigurationException done
Event: 7.807 Loading class java/io/CharConversionException
Event: 7.808 Loading class java/io/CharConversionException done
Event: 7.812 Loading class sun/text/resources/cldr/FormatData_en
Event: 7.817 Loading class sun/text/resources/cldr/FormatData_en done
Event: 7.828 Loading class sun/text/resources/cldr/FormatData_en_US
Event: 7.828 Loading class sun/text/resources/cldr/FormatData_en_US done
Event: 7.911 Loading class java/lang/annotation/Repeatable
Event: 7.911 Loading class java/lang/annotation/Repeatable done
Event: 7.979 Loading class java/lang/Deprecated
Event: 7.980 Loading class java/lang/Deprecated done

Classes unloaded (0 events):
No events

Classes redefined (0 events):
No events

Internal exceptions (20 events):
Event: 5.648 Thread 0x000001437c9718e0 Exception <a 'java/lang/NoSuchMethodError'{0x0000000092eda370}: 'int java.lang.invoke.Invokers$Holder.linkToTargetMethod(java.lang.Object, java.lang.Object)'> (0x0000000092eda370) 
thrown [s\src\hotspot\share\interpreter\linkResolver.cpp, line 774]
Event: 5.709 Thread 0x000001437c9718e0 Exception <a 'java/lang/NoSuchMethodError'{0x0000000092d52958}: 'java.lang.Object java.lang.invoke.DirectMethodHandle$Holder.invokeSpecial(java.lang.Object, java.lang.Object, java.lang.Object, int, java.lang.Object)'> (0x0000000092d52958) 
thrown [s\src\hotspot\share\interpreter\linkResolver.cpp, line 774]
Event: 5.711 Thread 0x000001437c9718e0 Exception <a 'java/lang/NoSuchMethodError'{0x0000000092d59f38}: 'java.lang.Object java.lang.invoke.DirectMethodHandle$Holder.newInvokeSpecial(java.lang.Object, java.lang.Object, java.lang.Object, int, java.lang.Object)'> (0x0000000092d59f38) 
thrown [s\src\hotspot\share\interpreter\linkResolver.cpp, line 774]
Event: 5.712 Thread 0x000001437c9718e0 Exception <a 'java/lang/NoSuchMethodError'{0x0000000092d5dee8}: 'java.lang.Object java.lang.invoke.DirectMethodHandle$Holder.invokeSpecial(java.lang.Object, java.lang.Object, java.lang.Object, java.lang.Object, int, java.lang.Object)'> (0x0000000092d5dee8) 
thrown [s\src\hotspot\share\interpreter\linkResolver.cpp, line 774]
Event: 5.713 Thread 0x000001437c9718e0 Exception <a 'java/lang/NoSuchMethodError'{0x0000000092d61768}: 'java.lang.Object java.lang.invoke.Invokers$Holder.linkToTargetMethod(java.lang.Object, java.lang.Object, int, java.lang.Object, java.lang.Object)'> (0x0000000092d61768) 
thrown [s\src\hotspot\share\interpreter\linkResolver.cpp, line 774]
Event: 5.717 Thread 0x000001437c9718e0 Exception <a 'java/lang/NoSuchMethodError'{0x0000000092d705f8}: 'java.lang.Object java.lang.invoke.DirectMethodHandle$Holder.newInvokeSpecial(java.lang.Object, int, java.lang.Object)'> (0x0000000092d705f8) 
thrown [s\src\hotspot\share\interpreter\linkResolver.cpp, line 774]
Event: 5.719 Thread 0x000001437c9718e0 Exception <a 'java/lang/NoSuchMethodError'{0x0000000092d74e28}: 'int java.lang.invoke.DirectMethodHandle$Holder.invokeSpecialIFC(java.lang.Object, java.lang.Object, java.lang.Object, java.lang.Object)'> (0x0000000092d74e28) 
thrown [s\src\hotspot\share\interpreter\linkResolver.cpp, line 774]
Event: 6.012 Thread 0x000001437c9718e0 Exception <a 'java/lang/NoSuchMethodError'{0x0000000092c064a0}: 'void java.lang.invoke.DirectMethodHandle$Holder.invokeInterface(java.lang.Object, java.lang.Object, java.lang.Object)'> (0x0000000092c064a0) 
thrown [s\src\hotspot\share\interpreter\linkResolver.cpp, line 774]
Event: 6.242 Thread 0x000001437c9718e0 Exception <a 'java/lang/NoSuchMethodError'{0x0000000092c7a438}: 'void java.lang.invoke.DirectMethodHandle$Holder.invokeStaticInit(java.lang.Object, java.lang.Object, java.lang.Object)'> (0x0000000092c7a438) 
thrown [s\src\hotspot\share\interpreter\linkResolver.cpp, line 774]
Event: 6.273 Thread 0x000001437c9718e0 Exception <a 'java/lang/NoSuchMethodError'{0x0000000092cc2be0}: 'java.lang.Object java.lang.invoke.DirectMethodHandle$Holder.invokeVirtual(java.lang.Object, java.lang.Object, java.lang.Object)'> (0x0000000092cc2be0) 
thrown [s\src\hotspot\share\interpreter\linkResolver.cpp, line 774]
Event: 6.291 Thread 0x000001437c9718e0 Exception <a 'java/lang/NoSuchMethodError'{0x0000000092ce52b8}: 'java.lang.Object java.lang.invoke.DirectMethodHandle$Holder.invokeStaticInit(java.lang.Object, int)'> (0x0000000092ce52b8) 
thrown [s\src\hotspot\share\interpreter\linkResolver.cpp, line 774]
Event: 6.301 Thread 0x000001437c9718e0 Exception <a 'java/lang/NoSuchMethodError'{0x0000000092cef680}: 'java.lang.Object java.lang.invoke.DirectMethodHandle$Holder.invokeStaticInit(java.lang.Object, int, java.lang.Object)'> (0x0000000092cef680) 
thrown [s\src\hotspot\share\interpreter\linkResolver.cpp, line 774]
Event: 6.334 Thread 0x000001437c9718e0 Exception <a 'sun/nio/fs/WindowsException'{0x0000000092b11a10}> (0x0000000092b11a10) 
thrown [s\src\hotspot\share\prims\jni.cpp, line 520]
Event: 6.375 Thread 0x000001437c9718e0 Exception <a 'jdk/internal/org/jline/terminal/impl/jna/LastErrorException'{0x0000000092b1e010}> (0x0000000092b1e010) 
thrown [s\src\hotspot\share\prims\jni.cpp, line 520]
Event: 6.376 Thread 0x000001437c9718e0 Exception <a 'jdk/internal/org/jline/terminal/impl/jna/LastErrorException'{0x0000000092b1e980}> (0x0000000092b1e980) 
thrown [s\src\hotspot\share\prims\jni.cpp, line 520]
Event: 6.376 Thread 0x000001437c9718e0 Exception <a 'jdk/internal/org/jline/terminal/impl/jna/LastErrorException'{0x0000000092b1f2a0}> (0x0000000092b1f2a0) 
thrown [s\src\hotspot\share\prims\jni.cpp, line 520]
Event: 6.731 Thread 0x000001437c9718e0 Exception <a 'java/lang/NoSuchMethodError'{0x0000000092903a78}: 'void java.lang.invoke.DirectMethodHandle$Holder.invokeVirtual(java.lang.Object, java.lang.Object, java.lang.Object, java.lang.Object)'> (0x0000000092903a78) 
thrown [s\src\hotspot\share\interpreter\linkResolver.cpp, line 774]
Event: 7.094 Thread 0x000001437c9718e0 Exception <a 'java/lang/NoSuchMethodError'{0x000000009275c768}: 'java.lang.Object java.lang.invoke.Invokers$Holder.invoke_MT(java.lang.Object, java.lang.Object, java.lang.Object, java.lang.Object, java.lang.Object, java.lang.Object, java.lang.Object, java.lang.Object, java.lang.Object)'> (0x000000009275c768) 
thrown [s\src\hotspot\share\interpreter\linkResolver.cpp, line 774]
Event: 7.125 Thread 0x000001437c9718e0 Exception <a 'java/lang/NoSuchMethodError'{0x0000000092617908}: 'java.lang.reflect.Field[] java.lang.Class.getDeclaredFields(java.lang.Class)'> (0x0000000092617908) 
thrown [s\src\hotspot\share\interpreter\linkResolver.cpp, line 774]
Event: 7.169 Thread 0x000001437c9718e0 Exception <a 'java/lang/IncompatibleClassChangeError'{0x0000000092665330}: Found class java.lang.Object, but interface was expected> (0x0000000092665330) 
thrown [s\src\hotspot\share\interpreter\linkResolver.cpp, line 841]

ZGC Phase Switch (0 events):
No events

VM Operations (20 events):
Event: 4.130 Executing VM operation: HandshakeAllThreads (Deoptimize)
Event: 4.130 Executing VM operation: HandshakeAllThreads (Deoptimize) done
Event: 4.793 Executing VM operation: G1CollectForAllocation (G1 Evacuation Pause)
Event: 4.828 Executing VM operation: G1CollectForAllocation (G1 Evacuation Pause) done
Event: 5.603 Executing VM operation: HandshakeAllThreads (Deoptimize)
Event: 5.603 Executing VM operation: HandshakeAllThreads (Deoptimize) done
Event: 6.558 Executing VM operation: ICBufferFull
Event: 6.558 Executing VM operation: ICBufferFull done
Event: 7.019 Executing VM operation: HandshakeAllThreads (Deoptimize)
Event: 7.019 Executing VM operation: HandshakeAllThreads (Deoptimize) done
Event: 7.029 Executing VM operation: HandshakeAllThreads (Deoptimize)
Event: 7.030 Executing VM operation: HandshakeAllThreads (Deoptimize) done
Event: 7.030 Executing VM operation: HandshakeAllThreads (Deoptimize)
Event: 7.030 Executing VM operation: HandshakeAllThreads (Deoptimize) done
Event: 7.908 Executing VM operation: HandshakeAllThreads (Deoptimize)
Event: 7.908 Executing VM operation: HandshakeAllThreads (Deoptimize) done
Event: 7.908 Executing VM operation: Cleanup
Event: 7.909 Executing VM operation: Cleanup done
Event: 8.918 Executing VM operation: Cleanup
Event: 8.918 Executing VM operation: Cleanup done

Memory protections (0 events):
No events

Nmethod flushes (0 events):
No events

Events (20 events):
Event: 0.152 Thread 0x000001437c9718e0 Thread added: 0x000001431b38be00
Event: 0.153 Thread 0x000001437c9718e0 Thread added: 0x000001431b38dd30
Event: 0.153 Thread 0x000001437c9718e0 Thread added: 0x000001431b38f8d0
Event: 0.153 Thread 0x000001437c9718e0 Thread added: 0x000001431b391050
Event: 0.153 Thread 0x000001437c9718e0 Thread added: 0x000001431b3947e0
Event: 0.154 Thread 0x000001437c9718e0 Thread added: 0x000001431b3b57e0
Event: 0.155 Thread 0x000001437c9718e0 Thread added: 0x000001431b3bebe0
Event: 0.671 Thread 0x000001437c9718e0 Thread added: 0x000001431b34efe0
Event: 0.725 Thread 0x000001431b3bebe0 Thread added: 0x000001431b670170
Event: 1.082 Thread 0x000001431b670170 Thread exited: 0x000001431b670170
Event: 1.385 Thread 0x000001437c9718e0 Thread added: 0x0000014361019490
Event: 1.385 Thread 0x000001437c9718e0 Thread added: 0x000001431b8b0320
Event: 2.278 Thread 0x000001431b3bebe0 Thread added: 0x00000143613e15e0
Event: 2.599 Thread 0x00000143613e15e0 Thread exited: 0x00000143613e15e0
Event: 6.581 Thread 0x000001431b3bebe0 Thread added: 0x0000014361dca150
Event: 6.590 Thread 0x000001431b3b57e0 Thread added: 0x0000014361dc84d0
Event: 7.002 Thread 0x0000014361dc84d0 Thread exited: 0x0000014361dc84d0
Event: 7.067 Thread 0x000001437c9718e0 Thread added: 0x0000014361dc84d0
Event: 7.413 Thread 0x0000014361dca150 Thread exited: 0x0000014361dca150
Event: 7.698 Thread 0x000001431b3bebe0 Thread added: 0x00000143617fde50


Dynamic libraries:
0x00007ff641fe0000 - 0x00007ff641fee000 	C:\Users\Parul\.jdks\corretto-22.0.2\bin\java.exe
0x00007ffbe0fc0000 - 0x00007ffbe1227000 	C:\WINDOWS\SYSTEM32\ntdll.dll
0x00007ffbe01a0000 - 0x00007ffbe0269000 	C:\WINDOWS\System32\KERNEL32.DLL
0x00007ffbddc20000 - 0x00007ffbde017000 	C:\WINDOWS\System32\KERNELBASE.dll
0x00007ffbddaa0000 - 0x00007ffbddbeb000 	C:\WINDOWS\System32\ucrtbase.dll
0x00007ffbceb20000 - 0x00007ffbceb37000 	C:\Users\Parul\.jdks\corretto-22.0.2\bin\jli.dll
0x00007ffbdee90000 - 0x00007ffbdf056000 	C:\WINDOWS\System32\USER32.dll
0x00007ffbddbf0000 - 0x00007ffbddc17000 	C:\WINDOWS\System32\win32u.dll
0x00007ffbdf060000 - 0x00007ffbdf08b000 	C:\WINDOWS\System32\GDI32.dll
0x00007ffbde950000 - 0x00007ffbdea7c000 	C:\WINDOWS\System32\gdi32full.dll
0x00007ffbdec90000 - 0x00007ffbded33000 	C:\WINDOWS\System32\msvcp_win.dll
0x00007ffbcd7a0000 - 0x00007ffbcda32000 	C:\WINDOWS\WinSxS\amd64_microsoft.windows.common-controls_6595b64144ccf1df_6.0.26100.8457_none_3e0b2faee331e92d\COMCTL32.dll
0x00007ffbe0700000 - 0x00007ffbe07a9000 	C:\WINDOWS\System32\msvcrt.dll
0x00007ffbceb70000 - 0x00007ffbceb8b000 	C:\Users\Parul\.jdks\corretto-22.0.2\bin\VCRUNTIME140.dll
0x00007ffbe0470000 - 0x00007ffbe04a2000 	C:\WINDOWS\System32\IMM32.DLL
0x00007ffbd5c00000 - 0x00007ffbd5c0c000 	C:\Users\Parul\.jdks\corretto-22.0.2\bin\vcruntime140_1.dll
0x00007ffbb19f0000 - 0x00007ffbb1a7d000 	C:\Users\Parul\.jdks\corretto-22.0.2\bin\msvcp140.dll
0x00007ffb0e660000 - 0x00007ffb0f431000 	C:\Users\Parul\.jdks\corretto-22.0.2\bin\server\jvm.dll
0x00007ffbdf5a0000 - 0x00007ffbdf656000 	C:\WINDOWS\System32\ADVAPI32.dll
0x00007ffbdf470000 - 0x00007ffbdf517000 	C:\WINDOWS\System32\sechost.dll
0x00007ffbdf350000 - 0x00007ffbdf468000 	C:\WINDOWS\System32\RPCRT4.dll
0x00007ffbdee00000 - 0x00007ffbdee80000 	C:\WINDOWS\System32\WS2_32.dll
0x00007ffbdd850000 - 0x00007ffbdd8ae000 	C:\WINDOWS\SYSTEM32\POWRPROF.dll
0x00007ffbd8030000 - 0x00007ffbd8066000 	C:\WINDOWS\SYSTEM32\WINMM.dll
0x00007ffbd8070000 - 0x00007ffbd807b000 	C:\WINDOWS\SYSTEM32\VERSION.dll
0x00007ffbdd830000 - 0x00007ffbdd844000 	C:\WINDOWS\SYSTEM32\UMPDC.dll
0x00007ffbdc780000 - 0x00007ffbdc79b000 	C:\WINDOWS\SYSTEM32\kernel.appcore.dll
0x00007ffbceb60000 - 0x00007ffbceb6a000 	C:\Users\Parul\.jdks\corretto-22.0.2\bin\jimage.dll
0x00007ffbd2600000 - 0x00007ffbd2842000 	C:\WINDOWS\SYSTEM32\DBGHELP.DLL
0x00007ffbdf660000 - 0x00007ffbdf9e3000 	C:\WINDOWS\System32\combase.dll
0x00007ffbe0390000 - 0x00007ffbe0469000 	C:\WINDOWS\System32\OLEAUT32.dll
0x00007ffbd1a80000 - 0x00007ffbd1abb000 	C:\WINDOWS\SYSTEM32\dbgcore.DLL
0x00007ffbdd9f0000 - 0x00007ffbdda98000 	C:\WINDOWS\System32\bcryptPrimitives.dll
0x00007ffbce010000 - 0x00007ffbce01e000 	C:\Users\Parul\.jdks\corretto-22.0.2\bin\instrument.dll
0x00007ffbc2740000 - 0x00007ffbc275e000 	C:\Users\Parul\.jdks\corretto-22.0.2\bin\java.dll
0x00007ffbdfa20000 - 0x00007ffbe018e000 	C:\WINDOWS\System32\SHELL32.dll
0x00007ffbdf1b0000 - 0x00007ffbdf347000 	C:\WINDOWS\System32\ole32.dll
0x00007ffbde0e0000 - 0x00007ffbde94c000 	C:\WINDOWS\System32\windows.storage.dll
0x00007ffbe0800000 - 0x00007ffbe08f6000 	C:\WINDOWS\System32\SHCORE.dll
0x00007ffbe04b0000 - 0x00007ffbe0516000 	C:\WINDOWS\System32\shlwapi.dll
0x00007ffbdd910000 - 0x00007ffbdd939000 	C:\WINDOWS\SYSTEM32\profapi.dll
0x00007ffbb1910000 - 0x00007ffbb19e7000 	C:\Users\Parul\.jdks\corretto-22.0.2\bin\jsvml.dll
0x00007ffbc2700000 - 0x00007ffbc2717000 	C:\Users\Parul\.jdks\corretto-22.0.2\bin\zip.dll
0x00007ffbcc2e0000 - 0x00007ffbcc2f0000 	C:\Users\Parul\.jdks\corretto-22.0.2\bin\net.dll
0x00007ffbdccf0000 - 0x00007ffbdcd5c000 	C:\WINDOWS\system32\mswsock.dll
0x00007ffbc26e0000 - 0x00007ffbc26f6000 	C:\Users\Parul\.jdks\corretto-22.0.2\bin\nio.dll
0x00007ffbc3670000 - 0x00007ffbc3679000 	C:\Users\Parul\.jdks\corretto-22.0.2\bin\extnet.dll
0x00007ffbc26d0000 - 0x00007ffbc26db000 	C:\Users\Parul\.jdks\corretto-22.0.2\bin\le.dll

dbghelp: loaded successfully - version: 4.0.5 - missing functions: none
symbol engine: initialized successfully - sym options: 0x614 - pdb path: .;C:\Users\Parul\.jdks\corretto-22.0.2\bin;C:\WINDOWS\SYSTEM32;C:\WINDOWS\WinSxS\amd64_microsoft.windows.common-controls_6595b64144ccf1df_6.0.26100.8457_none_3e0b2faee331e92d;C:\Users\Parul\.jdks\corretto-22.0.2\bin\server

VM Arguments:
jvm_args: -javaagent:C:\Program Files\JetBrains\IntelliJ IDEA Community Edition 2025.1.3\lib\idea_rt.jar=49691 -Dfile.encoding=UTF-8 -Dsun.stdout.encoding=UTF-8 -Dsun.stderr.encoding=UTF-8 
java_command: com.aiProjectBuilder.aiProjectBuilder.AiProjectBuilderApplication
java_class_path (initial): C:\Users\Parul\Desktop\aiProjectBuilder\aiProjectBuilder\target\classes;C:\Users\Parul\.m2\repository\org\springframework\boot\spring-boot-starter-data-jpa\4.1.0-RC1\spring-boot-starter-data-jpa-4.1.0-RC1.jar;C:\Users\Parul\.m2\repository\org\springframework\boot\spring-boot-starter\4.1.0-RC1\spring-boot-starter-4.1.0-RC1.jar;C:\Users\Parul\.m2\repository\org\springframework\boot\spring-boot-starter-logging\4.1.0-RC1\spring-boot-starter-logging-4.1.0-RC1.jar;C:\Users\Parul\.m2\repository\ch\qos\logback\logback-classic\1.5.32\logback-classic-1.5.32.jar;C:\Users\Parul\.m2\repository\ch\qos\logback\logback-core\1.5.32\logback-core-1.5.32.jar;C:\Users\Parul\.m2\repository\org\apache\logging\log4j\log4j-to-slf4j\2.25.4\log4j-to-slf4j-2.25.4.jar;C:\Users\Parul\.m2\repository\org\apache\logging\log4j\log4j-api\2.25.4\log4j-api-2.25.4.jar;C:\Users\Parul\.m2\repository\org\slf4j\jul-to-slf4j\2.0.17\jul-to-slf4j-2.0.17.jar;C:\Users\Parul\.m2\repository\org\springframework\boot\spring-boot-autoconfigure\4.1.0-RC1\spring-boot-autoconfigure-4.1.0-RC1.jar;C:\Users\Parul\.m2\repository\jakarta\annotation\jakarta.annotation-api\3.0.0\jakarta.annotation-api-3.0.0.jar;C:\Users\Parul\.m2\repository\org\yaml\snakeyaml\2.6\snakeyaml-2.6.jar;C:\Users\Parul\.m2\repository\org\springframework\boot\spring-boot-starter-jdbc\4.1.0-RC1\spring-boot-starter-jdbc-4.1.0-RC1.jar;C:\Users\Parul\.m2\repository\com\zaxxer\HikariCP\7.0.2\HikariCP-7.0.2.jar;C:\Users\Parul\.m2\repository\org\slf4j\slf4j-api\2.0.17\slf4j-api-2.0.17.jar;C:\Users\Parul\.m2\repository\org\springframework\boot\spring-boot-data-jpa\4.1.0-RC1\spring-boot-data-jpa-4.1.0-RC1.jar;C:\Users\Parul\.m2\repository\org\springframework\boot\spring-boot-data-commons\4.1.0-RC1\spring-boot-data-commons-4.1.0-RC1.jar;C:\Users\Parul\.m2\repository\org\springframework\boot\spring-boot-persistence\4.1.0-RC1\spring-boot-persistence-4.1.0-RC1.jar;C:\Users\Parul\.m2\repository\org\springframework\data\spring-data-commons\4.1.0-RC1\spring-data-commons-4.1.0-RC1.jar;C:\Users\Parul\.m2\repository\org\springframework\boot\spring-boot-hibernate\4.1.0-RC1\spring-boot-hibernate-4.1.0-RC1.jar;C:\Users\Parul\.m2\repository\org\springframework\boot\spring-boot-jpa\4.1.0-RC1\spring-boot-jpa-4.1.0-RC1.jar;C:\Users\Parul\.m2\repository\jakarta\persistence\jakarta.persistence-api\3.2.0\jakarta.persistence-api-3.2.0.jar;C:\Users\Parul\.m2\repository\org\hibernate\orm\hibernate-core\7.2.12.Final\hibernate-core-7.2.12.Final.jar;C:\Users\Parul\.m2\repository\jakarta\transaction\jakarta.transaction-api\2.0.1\jakarta.transaction-api-2.0.1.jar;C:\Users\Parul\.m2\repository\org\jboss\logging\jboss-logging\3.6.3.Final\jboss-logging-3.6.3.Final.jar;C:\Users\Parul\.m2\repository\org\hibernate\models\hibernate-models\1.0.1\hibernate-models-1.0.1.jar;C:\Users\Parul\.m2\repository\com\fasterxml\classmate\1.7.3\classmate-1.7.3.jar;C:\Users\Parul\.m2\repository\org\glassfish\jaxb\jaxb-runtime\4.0.6\jaxb-runtime-4.0.6.jar;C:\Users\Parul\.m2\repository\org\glassfish\jaxb\jaxb-core\4.0.6\jaxb-core-4.0.6.jar;C:\Users\Parul\.m2\repository\org\eclipse\angus\angus-activation\2.0.3\angus-activation-2.0.3.jar;C:\Users\Parul\.m2\repository\org\glassfish\jaxb\txw2\4.0.6\txw2-4.0.6.jar;C:\Users\Parul\.m2\repository\com\sun\istack\istack-commons-runtime\4.1.2\istack-commons-runtime-4.1.2.jar;C:\Users\Parul\.m2\repository\jakarta\inject\jakarta.inject-api\2.0.1\jakarta.inject-api-2.0.1.jar;C:\Users\Parul\.m2\repository\org\springframework\spring-orm\7.0.7\spring-orm-7.0.7.jar;C:\Users\Parul\.m2\repository\org\springframework\data\spring-data-jpa\4.1.0-RC1\spring-data-jpa-4.1.0-RC1.jar;C:\Users\Parul\.m2\repository\org\springframework\spring-context\7.0.7\spring-context-7.0.7.jar;C:\Users\Parul\.m2\repository\org\springframework\spring-aop\7.0.7\spring-aop-7.0.7.jar;C:\Users\Parul\.m2\repository\org\springframework\spring-tx\7.0.7\spring-tx-7.0.7.jar;C:\Users\Parul\.m2\repository\org\springframework\spring-beans\7.0.7\spring-beans-7.0.7.jar;C:\Users\Parul\.m2\repository\org\antlr\antlr4-runtime\4.13.2\antlr4-runtime-4.13.2.jar;C:\Users\Parul\.m2\repository\org\springframework\spring-aspects\7.0.7\spring-aspects-7.0.7.jar;C:\Users\Parul\.m2\repository\org\aspectj\aspectjweaver\1.9.25.1\aspectjweaver-1.9.25.1.jar;C:\Users\Parul\.m2\repository\org\springframework\boot\spring-boot-jdbc\4.1.0-RC1\spring-boot-jdbc-4.1.0-RC1.jar;C:\Users\Parul\.m2\repository\org\springframework\boot\spring-boot\4.1.0-RC1\spring-boot-4.1.0-RC1.jar;C:\Users\Parul\.m2\repository\org\springframework\boot\spring-boot-sql\4.1.0-RC1\spring-boot-sql-4.1.0-RC1.jar;C:\Users\Parul\.m2\repository\org\springframework\boot\spring-boot-transaction\4.1.0-RC1\spring-boot-transaction-4.1.0-RC1.jar;C:\Users\Parul\.m2\repository\org\springframework\spring-jdbc\7.0.7\spring-jdbc-7.0.7.jar;C:\Users\Parul\.m2\repository\org\springframework\boot\spring-boot-starter-webmvc\4.1.0-RC1\spring-boot-starter-webmvc-4.1.0-RC1.jar;C:\Users\Parul\.m2\repository\org\springframework\boot\spring-boot-starter-jackson\4.1.0-RC1\spring-boot-starter-jackson-4.1.0-RC1.jar;C:\Users\Parul\.m2\repository\org\springframework\boot\spring-boot-jackson\4.1.0-RC1\spring-boot-jackson-4.1.0-RC1.jar;C:\Users\Parul\.m2\repository\tools\jackson\core\jackson-databind\3.1.2\jackson-databind-3.1.2.jar;C:\Users\Parul\.m2\repository\com\fasterxml\jackson\core\jackson-annotations\2.21\jackson-annotations-2.21.jar;C:\Users\Parul\.m2\repository\tools\jackson\core\jackson-core\3.1.2\jackson-core-3.1.2.jar;C:\Users\Parul\.m2\repository\org\springframework\boot\spring-boot-starter-tomcat\4.1.0-RC1\spring-boot-starter-tomcat-4.1.0-RC1.jar;C:\Users\Parul\.m2\repository\org\springframework\boot\spring-boot-starter-tomcat-runtime\4.1.0-RC1\spring-boot-starter-tomcat-runtime-4.1.0-RC1.jar;C:\Users\Parul\.m2\repository\org\apache\tomcat\embed\tomcat-embed-core\11.0.21\tomcat-embed-core-11.0.21.jar;C:\Users\Parul\.m2\repository\org\apache\tomcat\embed\tomcat-embed-el\11.0.21\tomcat-embed-el-11.0.21.jar;C:\Users\Parul\.m2\repository\org\apache\tomcat\embed\tomcat-embed-websocket\11.0.21\tomcat-embed-websocket-11.0.21.jar;C:\Users\Parul\.m2\repository\org\springframework\boot\spring-boot-tomcat\4.1.0-RC1\spring-boot-tomcat-4.1.0-RC1.jar;C:\Users\Parul\.m2\repository\org\springframework\boot\spring-boot-http-converter\4.1.0-RC1\spring-boot-http-converter-4.1.0-RC1.jar;C:\Users\Parul\.m2\repository\org\springframework\spring-web\7.0.7\spring-web-7.0.7.jar;C:\Users\Parul\.m2\repository\io\micrometer\micrometer-observation\1.17.0-RC1\micrometer-observation-1.17.0-RC1.jar;C:\Users\Parul\.m2\repository\io\micrometer\micrometer-commons\1.17.0-RC1\micrometer-commons-1.17.0-RC1.jar;C:\Users\Parul\.m2\repository\org\springframework\boot\spring-boot-webmvc\4.1.0-RC1\spring-boot-webmvc-4.1.0-RC1.jar;C:\Users\Parul\.m2\repository\org\springframework\boot\spring-boot-servlet\4.1.0-RC1\spring-boot-servlet-4.1.0-RC1.jar;C:\Users\Parul\.m2\repository\org\springframework\spring-webmvc\7.0.7\spring-webmvc-7.0.7.jar;C:\Users\Parul\.m2\repository\org\springframework\spring-expression\7.0.7\spring-expression-7.0.7.jar;C:\Users\Parul\.m2\repository\org\postgresql\postgresql\42.7.10\postgresql-42.7.10.jar;C:\Users\Parul\.m2\repository\org\checkerframework\checker-qual\3.52.0\checker-qual-3.52.0.jar;C:\Users\Parul\.m2\repository\org\projectlombok\lombok\1.18.46\lombok-1.18.46.jar;C:\Users\Parul\.m2\repository\jakarta\xml\bind\jakarta.xml.bind-api\4.0.4\jakarta.xml.bind-api-4.0.4.jar;C:\Users\Parul\.m2\repository\jakarta\activation\jakarta.activation-api\2.1.4\jakarta.activation-api-2.1.4.jar;C:\Users\Parul\.m2\repository\net\bytebuddy\byte-buddy\1.18.8\byte-buddy-1.18.8.jar;C:\Users\Parul\.m2\repository\org\springframework\spring-core\7.0.7\spring-core-7.0.7.jar;C:\Users\Parul\.m2\repository\commons-logging\commons-logging\1.3.6\commons-logging-1.3.6.jar;C:\Users\Parul\.m2\repository\org\jspecify\jspecify\1.0.0\jspecify-1.0.0.jar;C:\Users\Parul\.m2\repository\org\springframework\boot\spring-boot-web-server\4.1.0-RC1\spring-boot-web-server-4.1.0-RC1.jar;C:\Users\Parul\.m2\repository\org\mapstruct\mapstruct\1.6.3\mapstruct-1.6.3.jar;C:\Users\Parul\.m2\repository\org\projectlombok\lombok-mapstruct-binding\0.2.0\lombok-mapstruct-binding-0.2.0.jar
Launcher Type: SUN_STANDARD

[Global flags]
     intx CICompilerCount                          = 4                                         {product} {ergonomic}
     uint ConcGCThreads                            = 2                                         {product} {ergonomic}
     uint G1ConcRefinementThreads                  = 8                                         {product} {ergonomic}
   size_t G1HeapRegionSize                         = 1048576                                   {product} {ergonomic}
   size_t InitialHeapSize                          = 121634816                                 {product} {ergonomic}
   size_t MarkStackSize                            = 4194304                                   {product} {ergonomic}
   size_t MaxHeapSize                              = 1944059904                                {product} {ergonomic}
   size_t MaxNewSize                               = 1166016512                                {product} {ergonomic}
   size_t MinHeapDeltaBytes                        = 1048576                                   {product} {ergonomic}
   size_t MinHeapSize                              = 8388608                                   {product} {ergonomic}
    uintx NonNMethodCodeHeapSize                   = 5839372                                {pd product} {ergonomic}
    uintx NonProfiledCodeHeapSize                  = 122909434                              {pd product} {ergonomic}
    uintx ProfiledCodeHeapSize                     = 122909434                              {pd product} {ergonomic}
    uintx ReservedCodeCacheSize                    = 251658240                              {pd product} {ergonomic}
     bool SegmentedCodeCache                       = true                                      {product} {ergonomic}
   size_t SoftMaxHeapSize                          = 1944059904                             {manageable} {ergonomic}
     bool UseCompressedOops                        = true                           {product lp64_product} {ergonomic}
     bool UseG1GC                                  = true                                      {product} {ergonomic}
     bool UseLargePagesIndividualAllocation        = false                                  {pd product} {ergonomic}

Logging:
Log output configuration:
 #0: stdout all=warning uptime,level,tags foldmultilines=false
 #1: stderr all=off uptime,level,tags foldmultilines=false

Environment Variables:
JAVA_HOME=C:\Users\Parul\AppData\Local\Programs\Eclipse Adoptium\jdk-17.0.9.9-hotspot\
PATH=C:\Program Files\Java\jdk-21\bin;C:\Program Files\Common Files\Oracle\Java\javapath;C:\Program Files (x86)\Common Files\Oracle\Java\javapath;C:\WINDOWS\system32;C:\WINDOWS;C:\WINDOWS\System32\Wbem;C:\WINDOWS\System32\WindowsPowerShell\v1.0\;C:\WINDOWS\System32\OpenSSH\;C:\Program Files\Git\cmd;C:\mongodb-database-tools-windows-x86_64-100.10.0\bin;C:\Program Files\WireGuard\;C:\Program Files\nodejs\;C:\Program Files\Docker\Docker\resources\bin;C:\Program Files\Java\jdk-21;C:\Program Files\apache-maven-3.9.11\bin;C:\Program Files\MySQL\MySQL Server 8.0\bin;C:\Program Files\PostgreSQL\18\bin;C:\Users\Parul\AppData\Local\Programs\MiKTeX\miktex\bin\x64;C:\Users\Parul\scoop\shims;C:\Users\Parul\AppData\Local\Programs\Python\Python310\Scripts\;C:\Users\Parul\AppData\Local\Programs\Python\Python310\;C:\Users\Parul\AppData\Local\Programs\Eclipse Adoptium\jdk-17.0.9.9-hotspot\bin;C:\Users\Parul\AppData\Local\Microsoft\WindowsApps;C:\Users\Yugansh\VS Code\Microsoft VS Code\bin;C:\Users\Parul\AppData\Local\GitHubDesktop\bin;C:\Users\Parul\AppData\Local\Android\Sdk;C:\Users\Parul\AppData\Local\Android\Sdk\platform-tools;C:\Users\Parul\AppData\Local\Android\Sdk\emulator;C:\Users\Parul\AppData\Local\Android\Sdk\cmdline-tools\latest;C:\Users\Parul\AppData\Local\Android\Sdk\cmdline-tools\latest\bin;C:\Users\Parul\AppData\Local\spicetify;C:\Users\Parul\AppData\Local\Programs\cursor\resources\app\bin;$HOME\.goose\bin;C:\Users\Parul\AppData\Local\Microsoft\WindowsApps;C:\Users\Parul\AppData\Local\Microsoft\WinGet\Packages\Schniz.fnm_Microsoft.Winget.Source_8wekyb3d8bbwe;C:\Users\Parul\AppData\Roaming\npm;C:\Program Files\Java\jdk-24\bin;C:\Users\Parul\AppData\Local\Programs\Antigravity\bin;C:\Users\Parul\stripe;C:\Users\Parul\AppData\Local\Programs\MiKTeX\miktex\bin\x64\
USERNAME=Parul
OS=Windows_NT
PROCESSOR_IDENTIFIER=AMD64 Family 23 Model 160 Stepping 0, AuthenticAMD
TMP=C:\Users\Parul\AppData\Local\Temp
TEMP=C:\Users\Parul\AppData\Local\Temp




Periodic native trim disabled

---------------  S Y S T E M  ---------------

OS:
 Windows 11 , 64 bit Build 26100 (10.0.26100.8328)
OS uptime: 0 days 15:39 hours
Hyper-V role detected

CPU: total 8 (initial active 8) (8 cores per cpu, 2 threads per core) family 23 model 160 stepping 0 microcode 0x8a00006, cx8, cmov, fxsr, ht, mmx, 3dnowpref, sse, sse2, sse3, ssse3, sse4a, sse4.1, sse4.2, popcnt, lzcnt, tsc, tscinvbit, avx, avx2, aes, clmul, bmi1, bmi2, adx, sha, fma, vzeroupper, clflush, clflushopt, hv, rdtscp, rdpid, f16c
Processor Information for all 8 processors :
  Max Mhz: 2801, Current Mhz: 2483, Mhz Limit: 2801

Memory: 4k page, system-wide physical 7413M (1173M free)
TotalPageFile size 29941M (AvailPageFile size 127M)
current process WorkingSet (physical memory assigned to process): 129M, peak: 129M
current process commit charge ("private bytes"): 243M, peak: 244M

vm_info: OpenJDK 64-Bit Server VM (22.0.2+9-FR) for windows-amd64 JRE (22.0.2+9-FR), built on 2024-07-09T01:10:09Z by "Administrator" with MS VC++ 16.10 / 16.11 (VS2019)

END.
